Archive member included to satisfy reference by file (symbol)

/Applications/STM32CubeIDE.app/Contents/Eclipse/plugins/com.st.stm32cube.ide.mcu.externaltools.gnu-tools-for-stm32.11.3.rel1.macos64_1.1.1.202309131626/tools/bin/../lib/gcc/arm-none-eabi/11.3.1/../../../../arm-none-eabi/lib/thumb/v7e-m+fp/hard/libc_nano.a(libc_a-exit.o)
                              /Applications/STM32CubeIDE.app/Contents/Eclipse/plugins/com.st.stm32cube.ide.mcu.externaltools.gnu-tools-for-stm32.11.3.rel1.macos64_1.1.1.202309131626/tools/bin/../lib/gcc/arm-none-eabi/11.3.1/../../../../arm-none-eabi/lib/thumb/v7e-m+fp/hard/crt0.o (exit)
/Applications/STM32CubeIDE.app/Contents/Eclipse/plugins/com.st.stm32cube.ide.mcu.externaltools.gnu-tools-for-stm32.11.3.rel1.macos64_1.1.1.202309131626/tools/bin/../lib/gcc/arm-none-eabi/11.3.1/../../../../arm-none-eabi/lib/thumb/v7e-m+fp/hard/libc_nano.a(libc_a-itoa.o)
                              ./FreeRTOS/portable/MemMang/heap_2.o (itoa)
/Applications/STM32CubeIDE.app/Contents/Eclipse/plugins/com.st.stm32cube.ide.mcu.externaltools.gnu-tools-for-stm32.11.3.rel1.macos64_1.1.1.202309131626/tools/bin/../lib/gcc/arm-none-eabi/11.3.1/../../../../arm-none-eabi/lib/thumb/v7e-m+fp/hard/libc_nano.a(libc_a-sprintf.o)
                              ./FreeRTOS/portable/MemMang/heap_2.o (sprintf)
/Applications/STM32CubeIDE.app/Contents/Eclipse/plugins/com.st.stm32cube.ide.mcu.externaltools.gnu-tools-for-stm32.11.3.rel1.macos64_1.1.1.202309131626/tools/bin/../lib/gcc/arm-none-eabi/11.3.1/../../../../arm-none-eabi/lib/thumb/v7e-m+fp/hard/libc_nano.a(libc_a-findfp.o)
                              /Applications/STM32CubeIDE.app/Contents/Eclipse/plugins/com.st.stm32cube.ide.mcu.externaltools.gnu-tools-for-stm32.11.3.rel1.macos64_1.1.1.202309131626/tools/bin/../lib/gcc/arm-none-eabi/11.3.1/../../../../arm-none-eabi/lib/thumb/v7e-m+fp/hard/libc_nano.a(libc_a-exit.o) (__stdio_exit_handler)
/Applications/STM32CubeIDE.app/Contents/Eclipse/plugins/com.st.stm32cube.ide.mcu.externaltools.gnu-tools-for-stm32.11.3.rel1.macos64_1.1.1.202309131626/tools/bin/../lib/gcc/arm-none-eabi/11.3.1/../../../../arm-none-eabi/lib/thumb/v7e-m+fp/hard/libc_nano.a(libc_a-utoa.o)
                              /Applications/STM32CubeIDE.app/Contents/Eclipse/plugins/com.st.stm32cube.ide.mcu.externaltools.gnu-tools-for-stm32.11.3.rel1.macos64_1.1.1.202309131626/tools/bin/../lib/gcc/arm-none-eabi/11.3.1/../../../../arm-none-eabi/lib/thumb/v7e-m+fp/hard/libc_nano.a(libc_a-itoa.o) (__utoa)
/Applications/STM32CubeIDE.app/Contents/Eclipse/plugins/com.st.stm32cube.ide.mcu.externaltools.gnu-tools-for-stm32.11.3.rel1.macos64_1.1.1.202309131626/tools/bin/../lib/gcc/arm-none-eabi/11.3.1/../../../../arm-none-eabi/lib/thumb/v7e-m+fp/hard/libc_nano.a(libc_a-fwalk.o)
                              /Applications/STM32CubeIDE.app/Contents/Eclipse/plugins/com.st.stm32cube.ide.mcu.externaltools.gnu-tools-for-stm32.11.3.rel1.macos64_1.1.1.202309131626/tools/bin/../lib/gcc/arm-none-eabi/11.3.1/../../../../arm-none-eabi/lib/thumb/v7e-m+fp/hard/libc_nano.a(libc_a-findfp.o) (_fwalk_sglue)
/Applications/STM32CubeIDE.app/Contents/Eclipse/plugins/com.st.stm32cube.ide.mcu.externaltools.gnu-tools-for-stm32.11.3.rel1.macos64_1.1.1.202309131626/tools/bin/../lib/gcc/arm-none-eabi/11.3.1/../../../../arm-none-eabi/lib/thumb/v7e-m+fp/hard/libc_nano.a(libc_a-strcat.o)
                              ./FreeRTOS/portable/MemMang/heap_2.o (strcat)
/Applications/STM32CubeIDE.app/Contents/Eclipse/plugins/com.st.stm32cube.ide.mcu.externaltools.gnu-tools-for-stm32.11.3.rel1.macos64_1.1.1.202309131626/tools/bin/../lib/gcc/arm-none-eabi/11.3.1/../../../../arm-none-eabi/lib/thumb/v7e-m+fp/hard/libc_nano.a(libc_a-memset.o)
                              /Applications/STM32CubeIDE.app/Contents/Eclipse/plugins/com.st.stm32cube.ide.mcu.externaltools.gnu-tools-for-stm32.11.3.rel1.macos64_1.1.1.202309131626/tools/bin/../lib/gcc/arm-none-eabi/11.3.1/../../../../arm-none-eabi/lib/thumb/v7e-m+fp/hard/crt0.o (memset)
/Applications/STM32CubeIDE.app/Contents/Eclipse/plugins/com.st.stm32cube.ide.mcu.externaltools.gnu-tools-for-stm32.11.3.rel1.macos64_1.1.1.202309131626/tools/bin/../lib/gcc/arm-none-eabi/11.3.1/../../../../arm-none-eabi/lib/thumb/v7e-m+fp/hard/libc_nano.a(libc_a-impure.o)
                              /Applications/STM32CubeIDE.app/Contents/Eclipse/plugins/com.st.stm32cube.ide.mcu.externaltools.gnu-tools-for-stm32.11.3.rel1.macos64_1.1.1.202309131626/tools/bin/../lib/gcc/arm-none-eabi/11.3.1/../../../../arm-none-eabi/lib/thumb/v7e-m+fp/hard/libc_nano.a(libc_a-sprintf.o) (_impure_ptr)
/Applications/STM32CubeIDE.app/Contents/Eclipse/plugins/com.st.stm32cube.ide.mcu.externaltools.gnu-tools-for-stm32.11.3.rel1.macos64_1.1.1.202309131626/tools/bin/../lib/gcc/arm-none-eabi/11.3.1/../../../../arm-none-eabi/lib/thumb/v7e-m+fp/hard/libc_nano.a(libc_a-errno.o)
                              ./Core/Src/syscalls.o (__errno)
[...]
Memory Configuration

Name             Origin             Length             Attributes
CCMRAM           0x0000000010000000 0x0000000000010000 xrw
RAM              0x0000000020000000 0x0000000000020000 xrw
FLASH            0x0000000008000000 0x0000000000100000 xr
*default*        0x0000000000000000 0xffffffffffffffff

Linker script and memory map

LOAD /Applications/STM32CubeIDE.app/Contents/Eclipse/plugins/com.st.stm32cube.ide.mcu.externaltools.gnu-tools-for-stm32.11.3.rel1.macos64_1.1.1.202309131626/tools/bin/../lib/gcc/arm-none-eabi/11.3.1/thumb/v7e-m+fp/hard/crti.o
LOAD /Applications/STM32CubeIDE.app/Contents/Eclipse/plugins/com.st.stm32cube.ide.mcu.externaltools.gnu-tools-for-stm32.11.3.rel1.macos64_1.1.1.202309131626/tools/bin/../lib/gcc/arm-none-eabi/11.3.1/thumb/v7e-m+fp/hard/crtbegin.o
LOAD /Applications/STM32CubeIDE.app/Contents/Eclipse/plugins/com.st.stm32cube.ide.mcu.externaltools.gnu-tools-for-stm32.11.3.rel1.macos64_1.1.1.202309131626/tools/bin/../lib/gcc/arm-none-eabi/11.3.1/../../../../arm-none-eabi/lib/thumb/v7e-m+fp/hard/crt0.o
LOAD ./Core/Src/main.o
LOAD ./Core/Src/stm32f4xx_hal_msp.o
LOAD ./Core/Src/stm32f4xx_hal_timebase_tim.o
LOAD ./Core/Src/stm32f4xx_it.o
LOAD ./Core/Src/syscalls.o
LOAD ./Core/Src/sysmem.o
LOAD ./Core/Src/system_stm32f4xx.o
LOAD ./Core/Startup/startup_stm32f407vgtx.o
LOAD ./Drivers/STM32F4xx_HAL_Driver/Src/stm32f4xx_hal.o
LOAD ./Drivers/STM32F4xx_HAL_Driver/Src/stm32f4xx_hal_cortex.o
LOAD ./Drivers/STM32F4xx_HAL_Driver/Src/stm32f4xx_hal_dma.o
LOAD ./Drivers/STM32F4xx_HAL_Driver/Src/stm32f4xx_hal_dma_ex.o
LOAD ./Drivers/STM32F4xx_HAL_Driver/Src/stm32f4xx_hal_exti.o
LOAD ./Drivers/STM32F4xx_HAL_Driver/Src/stm32f4xx_hal_flash.o
LOAD ./Drivers/STM32F4xx_HAL_Driver/Src/stm32f4xx_hal_flash_ex.o
LOAD ./Drivers/STM32F4xx_HAL_Driver/Src/stm32f4xx_hal_flash_ramfunc.o
LOAD ./Drivers/STM32F4xx_HAL_Driver/Src/stm32f4xx_hal_gpio.o
LOAD ./Drivers/STM32F4xx_HAL_Driver/Src/stm32f4xx_hal_pwr.o
LOAD ./Drivers/STM32F4xx_HAL_Driver/Src/stm32f4xx_hal_pwr_ex.o
LOAD ./Drivers/STM32F4xx_HAL_Driver/Src/stm32f4xx_hal_rcc.o
LOAD ./Drivers/STM32F4xx_HAL_Driver/Src/stm32f4xx_hal_rcc_ex.o
LOAD ./Drivers/STM32F4xx_HAL_Driver/Src/stm32f4xx_hal_tim.o
LOAD ./Drivers/STM32F4xx_HAL_Driver/Src/stm32f4xx_hal_tim_ex.o
LOAD ./Drivers/STM32F4xx_HAL_Driver/Src/stm32f4xx_hal_uart.o
LOAD ./FreeRTOS/croutine.o
LOAD ./FreeRTOS/event_groups.o
LOAD ./FreeRTOS/list.o
LOAD ./FreeRTOS/queue.o
LOAD ./FreeRTOS/stream_buffer.o
LOAD ./FreeRTOS/tasks.o
LOAD ./FreeRTOS/timers.o
LOAD ./FreeRTOS/portable/ARM_CM4F/port.o
LOAD ./FreeRTOS/portable/MemMang/heap_2.o
START GROUP
LOAD /Applications/STM32CubeIDE.app/Contents/Eclipse/plugins/com.st.stm32cube.ide.mcu.externaltools.gnu-tools-for-stm32.11.3.rel1.macos64_1.1.1.202309131626/tools/bin/../lib/gcc/arm-none-eabi/11.3.1/../../../../arm-none-eabi/lib/thumb/v7e-m+fp/hard/libc_nano.a
LOAD /Applications/STM32CubeIDE.app/Contents/Eclipse/plugins/com.st.stm32cube.ide.mcu.externaltools.gnu-tools-for-stm32.11.3.rel1.macos64_1.1.1.202309131626/tools/bin/../lib/gcc/arm-none-eabi/11.3.1/../../../../arm-none-eabi/lib/thumb/v7e-m+fp/hard/libm.a
END GROUP
START GROUP
LOAD /Applications/STM32CubeIDE.app/Contents/Eclipse/plugins/com.st.stm32cube.ide.mcu.externaltools.gnu-tools-for-stm32.11.3.rel1.macos64_1.1.1.202309131626/tools/bin/../lib/gcc/arm-none-eabi/11.3.1/thumb/v7e-m+fp/hard/libgcc.a
LOAD /Applications/STM32CubeIDE.app/Contents/Eclipse/plugins/com.st.stm32cube.ide.mcu.externaltools.gnu-tools-for-stm32.11.3.rel1.macos64_1.1.1.202309131626/tools/bin/../lib/gcc/arm-none-eabi/11.3.1/../../../../arm-none-eabi/lib/thumb/v7e-m+fp/hard/libc_nano.a
END GROUP
START GROUP
LOAD /Applications/STM32CubeIDE.app/Contents/Eclipse/plugins/com.st.stm32cube.ide.mcu.externaltools.gnu-tools-for-stm32.11.3.rel1.macos64_1.1.1.202309131626/tools/bin/../lib/gcc/arm-none-eabi/11.3.1/thumb/v7e-m+fp/hard/libgcc.a
LOAD /Applications/STM32CubeIDE.app/Contents/Eclipse/plugins/com.st.stm32cube.ide.mcu.externaltools.gnu-tools-for-stm32.11.3.rel1.macos64_1.1.1.202309131626/tools/bin/../lib/gcc/arm-none-eabi/11.3.1/../../../../arm-none-eabi/lib/thumb/v7e-m+fp/hard/libc_nano.a
LOAD /Applications/STM32CubeIDE.app/Contents/Eclipse/plugins/com.st.stm32cube.ide.mcu.externaltools.gnu-tools-for-stm32.11.3.rel1.macos64_1.1.1.202309131626/tools/bin/../lib/gcc/arm-none-eabi/11.3.1/../../../../arm-none-eabi/lib/thumb/v7e-m+fp/hard/libnosys.a
END GROUP
START GROUP
LOAD /Applications/STM32CubeIDE.app/Contents/Eclipse/plugins/com.st.stm32cube.ide.mcu.externaltools.gnu-tools-for-stm32.11.3.rel1.macos64_1.1.1.202309131626/tools/bin/../lib/gcc/arm-none-eabi/11.3.1/thumb/v7e-m+fp/hard/libgcc.a
LOAD /Applications/STM32CubeIDE.app/Contents/Eclipse/plugins/com.st.stm32cube.ide.mcu.externaltools.gnu-tools-for-stm32.11.3.rel1.macos64_1.1.1.202309131626/tools/bin/../lib/gcc/arm-none-eabi/11.3.1/../../../../arm-none-eabi/lib/thumb/v7e-m+fp/hard/libc_nano.a
LOAD /Applications/STM32CubeIDE.app/Contents/Eclipse/plugins/com.st.stm32cube.ide.mcu.externaltools.gnu-tools-for-stm32.11.3.rel1.macos64_1.1.1.202309131626/tools/bin/../lib/gcc/arm-none-eabi/11.3.1/../../../../arm-none-eabi/lib/thumb/v7e-m+fp/hard/libnosys.a
END GROUP
LOAD /Applications/STM32CubeIDE.app/Contents/Eclipse/plugins/com.st.stm32cube.ide.mcu.externaltools.gnu-tools-for-stm32.11.3.rel1.macos64_1.1.1.202309131626/tools/bin/../lib/gcc/arm-none-eabi/11.3.1/thumb/v7e-m+fp/hard/crtend.o
LOAD /Applications/STM32CubeIDE.app/Contents/Eclipse/plugins/com.st.stm32cube.ide.mcu.externaltools.gnu-tools-for-stm32.11.3.rel1.macos64_1.1.1.202309131626/tools/bin/../lib/gcc/arm-none-eabi/11.3.1/thumb/v7e-m+fp/hard/crtn.o
                0x0000000020020000                _estack = (ORIGIN (RAM) + LENGTH (RAM))
                0x0000000000000200                _Min_Heap_Size = 0x200
                0x0000000000000400                _Min_Stack_Size = 0x400

.isr_vector     0x0000000008000000      0x188
                0x0000000008000000                . = ALIGN (0x4)
 *(.isr_vector)
 .isr_vector    0x0000000008000000      0x188 ./Core/Startup/startup_stm32f407vgtx.o
                0x0000000008000000                g_pfnVectors
                0x0000000008000188                . = ALIGN (0x4)

.text           0x0000000008000190     0x4988
                0x0000000008000190                . = ALIGN (0x4)
 *(.text)
 .text          0x0000000008000190       0x40 /Applications/STM32CubeIDE.app/Contents/Eclipse/plugins/com.st.stm32cube.ide.mcu.externaltools.gnu-tools-for-stm32.11.3.rel1.macos64_1.1.1.202309131626/tools/bin/../lib/gcc/arm-none-eabi/11.3.1/thumb/v7e-m+fp/hard/crtbegin.o
 .text          0x00000000080001d0       0x10 /Applications/STM32CubeIDE.app/Contents/Eclipse/plugins/com.st.stm32cube.ide.mcu.externaltools.gnu-tools-for-stm32.11.3.rel1.macos64_1.1.1.202309131626/tools/bin/../lib/gcc/arm-none-eabi/11.3.1/../../../../arm-none-eabi/lib/thumb/v7e-m+fp/hard/libc_nano.a(libc_a-strlen.o)
                0x00000000080001d0                strlen
 .text          0x00000000080001e0       0xa0 /Applications/STM32CubeIDE.app/Contents/Eclipse/plugins/com.st.stm32cube.ide.mcu.externaltools.gnu-tools-for-stm32.11.3.rel1.macos64_1.1.1.202309131626/tools/bin/../lib/gcc/arm-none-eabi/11.3.1/../../../../arm-none-eabi/lib/thumb/v7e-m+fp/hard/libc_nano.a(libc_a-memchr.o)
                0x00000000080001e0                memchr
 .text          0x0000000008000280       0x30 /Applications/STM32CubeIDE.app/Contents/Eclipse/plugins/com.st.stm32cube.ide.mcu.externaltools.gnu-tools-for-stm32.11.3.rel1.macos64_1.1.1.202309131626/tools/bin/../lib/gcc/arm-none-eabi/11.3.1/thumb/v7e-m+fp/hard/libgcc.a(_aeabi_uldivmod.o)
                0x0000000008000280                __aeabi_uldivmod
 .text          0x00000000080002b0      0x2c8 /Applications/STM32CubeIDE.app/Contents/Eclipse/plugins/com.st.stm32cube.ide.mcu.externaltools.gnu-tools-for-stm32.11.3.rel1.macos64_1.1.1.202309131626/tools/bin/../lib/gcc/arm-none-eabi/11.3.1/thumb/v7e-m+fp/hard/libgcc.a(_udivmoddi4.o)
                0x00000000080002b0                __udivmoddi4
 .text          0x0000000008000578        0x4 /Applications/STM32CubeIDE.app/Contents/Eclipse/plugins/com.st.stm32cube.ide.mcu.externaltools.gnu-tools-for-stm32.11.3.rel1.macos64_1.1.1.202309131626/tools/bin/../lib/gcc/arm-none-eabi/11.3.1/thumb/v7e-m+fp/hard/libgcc.a(_dvmd_tls.o)
                0x0000000008000578                __aeabi_ldiv0
                0x0000000008000578                __aeabi_idiv0
 *(.text*)
 .text.red_LED_task
                0x000000000800057c       0x20 ./Core/Src/main.o
                0x000000000800057c                red_LED_task
 .text.green_LED_task
                0x000000000800059c       0x20 ./Core/Src/main.o
                0x000000000800059c                green_LED_task
 .text.task1    0x00000000080005bc       0x10 ./Core/Src/main.o
                0x00000000080005bc                task1
 .text.task2    0x00000000080005cc       0x10 ./Core/Src/main.o
                0x00000000080005cc                task2
 .text.task3    0x00000000080005dc       0x10 ./Core/Src/main.o
                0x00000000080005dc                task3
 .text.print_task
                0x00000000080005ec       0x16 ./Core/Src/main.o
                0x00000000080005ec                print_task
 *fill*         0x0000000008000602        0x2 
 .text.main     0x0000000008000604       0xc4 ./Core/Src/main.o
                0x0000000008000604                main
 .text.SystemClock_Config
                0x00000000080006c8       0xd4 ./Core/Src/main.o
                0x00000000080006c8                SystemClock_Config
 .text.MX_USART2_UART_Init
                0x000000000800079c       0x54 ./Core/Src/main.o
 .text.MX_GPIO_Init
                0x00000000080007f0      0x2bc ./Core/Src/main.o
 .text.HAL_TIM_PeriodElapsedCallback
                0x0000000008000aac       0x24 ./Core/Src/main.o
                0x0000000008000aac                HAL_TIM_PeriodElapsedCallback
 .text.Error_Handler
                0x0000000008000ad0        0xa ./Core/Src/main.o
                0x0000000008000ad0                Error_Handler
 *fill*         0x0000000008000ada        0x2 
 .text.HAL_MspInit
                0x0000000008000adc       0x50 ./Core/Src/stm32f4xx_hal_msp.o
                0x0000000008000adc                HAL_MspInit
 .text.HAL_UART_MspInit
                0x0000000008000b2c       0x90 ./Core/Src/stm32f4xx_hal_msp.o
                0x0000000008000b2c                HAL_UART_MspInit
 .text.HAL_InitTick
                0x0000000008000bbc       0xf8 ./Core/Src/stm32f4xx_hal_timebase_tim.o
                0x0000000008000bbc                HAL_InitTick
 .text.NMI_Handler
                0x0000000008000cb4        0x6 ./Core/Src/stm32f4xx_it.o
                0x0000000008000cb4                NMI_Handler
 .text.HardFault_Handler
                0x0000000008000cba        0x6 ./Core/Src/stm32f4xx_it.o
                0x0000000008000cba                HardFault_Handler
 .text.MemManage_Handler
                0x0000000008000cc0        0x6 ./Core/Src/stm32f4xx_it.o
                0x0000000008000cc0                MemManage_Handler
 .text.BusFault_Handler
                0x0000000008000cc6        0x6 ./Core/Src/stm32f4xx_it.o
                0x0000000008000cc6                BusFault_Handler
 .text.UsageFault_Handler
                0x0000000008000ccc        0x6 ./Core/Src/stm32f4xx_it.o
                0x0000000008000ccc                UsageFault_Handler
 .text.DebugMon_Handler
                0x0000000008000cd2        0xe ./Core/Src/stm32f4xx_it.o
                0x0000000008000cd2                DebugMon_Handler
 .text.TIM7_IRQHandler
                0x0000000008000ce0       0x14 ./Core/Src/stm32f4xx_it.o
                0x0000000008000ce0                TIM7_IRQHandler
 .text._sbrk    0x0000000008000cf4       0x6c ./Core/Src/sysmem.o
                0x0000000008000cf4                _sbrk
 .text.SystemInit
                0x0000000008000d60       0x24 ./Core/Src/system_stm32f4xx.o
                0x0000000008000d60                SystemInit
 .text.Reset_Handler
                0x0000000008000d84       0x50 ./Core/Startup/startup_stm32f407vgtx.o
                0x0000000008000d84                Reset_Handler
 .text.Default_Handler
                0x0000000008000dd4        0x2 ./Core/Startup/startup_stm32f407vgtx.o
                0x0000000008000dd4                DMA1_Stream3_IRQHandler
                0x0000000008000dd4                HASH_RNG_IRQHandler
                0x0000000008000dd4                EXTI2_IRQHandler
                0x0000000008000dd4                TIM8_CC_IRQHandler
                0x0000000008000dd4                TIM1_CC_IRQHandler
                0x0000000008000dd4                DMA2_Stream5_IRQHandler
                0x0000000008000dd4                DMA1_Stream5_IRQHandler
                0x0000000008000dd4                PVD_IRQHandler
                0x0000000008000dd4                SDIO_IRQHandler
                0x0000000008000dd4                TAMP_STAMP_IRQHandler
                0x0000000008000dd4                CAN2_RX1_IRQHandler
                0x0000000008000dd4                EXTI3_IRQHandler
                0x0000000008000dd4                TIM8_TRG_COM_TIM14_IRQHandler
                0x0000000008000dd4                TIM1_UP_TIM10_IRQHandler
                0x0000000008000dd4                TIM8_UP_TIM13_IRQHandler
                0x0000000008000dd4                I2C3_ER_IRQHandler
                0x0000000008000dd4                EXTI0_IRQHandler
                0x0000000008000dd4                I2C2_EV_IRQHandler
                0x0000000008000dd4                DMA1_Stream2_IRQHandler
                0x0000000008000dd4                CAN1_RX0_IRQHandler
                0x0000000008000dd4                FPU_IRQHandler
                0x0000000008000dd4                OTG_HS_WKUP_IRQHandler
                0x0000000008000dd4                CAN2_SCE_IRQHandler
                0x0000000008000dd4                DMA2_Stream2_IRQHandler
                0x0000000008000dd4                SPI1_IRQHandler
                0x0000000008000dd4                TIM6_DAC_IRQHandler
                0x0000000008000dd4                TIM1_BRK_TIM9_IRQHandler
                0x0000000008000dd4                DCMI_IRQHandler
                0x0000000008000dd4                CAN2_RX0_IRQHandler
                0x0000000008000dd4                DMA2_Stream3_IRQHandler
                0x0000000008000dd4                USART6_IRQHandler
                0x0000000008000dd4                USART3_IRQHandler
                0x0000000008000dd4                CAN1_RX1_IRQHandler
                0x0000000008000dd4                UART5_IRQHandler
                0x0000000008000dd4                DMA2_Stream0_IRQHandler
                0x0000000008000dd4                TIM4_IRQHandler
                0x0000000008000dd4                I2C1_EV_IRQHandler
                0x0000000008000dd4                DMA1_Stream6_IRQHandler
                0x0000000008000dd4                DMA1_Stream1_IRQHandler
                0x0000000008000dd4                UART4_IRQHandler
                0x0000000008000dd4                TIM3_IRQHandler
                0x0000000008000dd4                RCC_IRQHandler
                0x0000000008000dd4                TIM8_BRK_TIM12_IRQHandler
                0x0000000008000dd4                Default_Handler
                0x0000000008000dd4                EXTI15_10_IRQHandler
                0x0000000008000dd4                ADC_IRQHandler
                0x0000000008000dd4                DMA1_Stream7_IRQHandler
                0x0000000008000dd4                CAN2_TX_IRQHandler
                0x0000000008000dd4                TIM5_IRQHandler
                0x0000000008000dd4                DMA2_Stream7_IRQHandler
                0x0000000008000dd4                I2C3_EV_IRQHandler
                0x0000000008000dd4                EXTI9_5_IRQHandler
                0x0000000008000dd4                RTC_WKUP_IRQHandler
                0x0000000008000dd4                ETH_WKUP_IRQHandler
                0x0000000008000dd4                SPI2_IRQHandler
                0x0000000008000dd4                OTG_HS_EP1_IN_IRQHandler
                0x0000000008000dd4                DMA1_Stream0_IRQHandler
                0x0000000008000dd4                CAN1_TX_IRQHandler
                0x0000000008000dd4                EXTI4_IRQHandler
                0x0000000008000dd4                FSMC_IRQHandler
                0x0000000008000dd4                ETH_IRQHandler
                0x0000000008000dd4                OTG_HS_EP1_OUT_IRQHandler
                0x0000000008000dd4                WWDG_IRQHandler
                0x0000000008000dd4                TIM2_IRQHandler
                0x0000000008000dd4                OTG_FS_WKUP_IRQHandler
                0x0000000008000dd4                TIM1_TRG_COM_TIM11_IRQHandler
                0x0000000008000dd4                OTG_HS_IRQHandler
                0x0000000008000dd4                EXTI1_IRQHandler
                0x0000000008000dd4                USART2_IRQHandler
                0x0000000008000dd4                I2C2_ER_IRQHandler
                0x0000000008000dd4                DMA2_Stream1_IRQHandler
                0x0000000008000dd4                CAN1_SCE_IRQHandler
                0x0000000008000dd4                FLASH_IRQHandler
                0x0000000008000dd4                DMA2_Stream4_IRQHandler
                0x0000000008000dd4                USART1_IRQHandler
                0x0000000008000dd4                OTG_FS_IRQHandler
                0x0000000008000dd4                SPI3_IRQHandler
                0x0000000008000dd4                DMA1_Stream4_IRQHandler
                0x0000000008000dd4                I2C1_ER_IRQHandler
                0x0000000008000dd4                DMA2_Stream6_IRQHandler
                0x0000000008000dd4                RTC_Alarm_IRQHandler
 *fill*         0x0000000008000dd6        0x2 
 .text.HAL_Init
                0x0000000008000dd8       0x44 ./Drivers/STM32F4xx_HAL_Driver/Src/stm32f4xx_hal.o
                0x0000000008000dd8                HAL_Init
 .text.HAL_IncTick
                0x0000000008000e1c       0x28 ./Drivers/STM32F4xx_HAL_Driver/Src/stm32f4xx_hal.o
                0x0000000008000e1c                HAL_IncTick
 .text.HAL_GetTick
                0x0000000008000e44       0x18 ./Drivers/STM32F4xx_HAL_Driver/Src/stm32f4xx_hal.o
                0x0000000008000e44                HAL_GetTick
 .text.__NVIC_SetPriorityGrouping
                0x0000000008000e5c       0x48 ./Drivers/STM32F4xx_HAL_Driver/Src/stm32f4xx_hal_cortex.o
 .text.__NVIC_GetPriorityGrouping
                0x0000000008000ea4       0x1c ./Drivers/STM32F4xx_HAL_Driver/Src/stm32f4xx_hal_cortex.o
 .text.__NVIC_EnableIRQ
                0x0000000008000ec0       0x3c ./Drivers/STM32F4xx_HAL_Driver/Src/stm32f4xx_hal_cortex.o
 .text.__NVIC_SetPriority
                0x0000000008000efc       0x54 ./Drivers/STM32F4xx_HAL_Driver/Src/stm32f4xx_hal_cortex.o
 .text.NVIC_EncodePriority
                0x0000000008000f50       0x66 ./Drivers/STM32F4xx_HAL_Driver/Src/stm32f4xx_hal_cortex.o
 .text.HAL_NVIC_SetPriorityGrouping
                0x0000000008000fb6       0x16 ./Drivers/STM32F4xx_HAL_Driver/Src/stm32f4xx_hal_cortex.o
                0x0000000008000fb6                HAL_NVIC_SetPriorityGrouping
 .text.HAL_NVIC_SetPriority
                0x0000000008000fcc       0x38 ./Drivers/STM32F4xx_HAL_Driver/Src/stm32f4xx_hal_cortex.o
                0x0000000008000fcc                HAL_NVIC_SetPriority
 .text.HAL_NVIC_EnableIRQ
                0x0000000008001004       0x1c ./Drivers/STM32F4xx_HAL_Driver/Src/stm32f4xx_hal_cortex.o
                0x0000000008001004                HAL_NVIC_EnableIRQ
 .text.HAL_GPIO_Init
                0x0000000008001020      0x338 ./Drivers/STM32F4xx_HAL_Driver/Src/stm32f4xx_hal_gpio.o
                0x0000000008001020                HAL_GPIO_Init
 .text.HAL_GPIO_WritePin
                0x0000000008001358       0x32 ./Drivers/STM32F4xx_HAL_Driver/Src/stm32f4xx_hal_gpio.o
                0x0000000008001358                HAL_GPIO_WritePin
 .text.HAL_GPIO_TogglePin
                0x000000000800138a       0x34 ./Drivers/STM32F4xx_HAL_Driver/Src/stm32f4xx_hal_gpio.o
                0x000000000800138a                HAL_GPIO_TogglePin
 *fill*         0x00000000080013be        0x2 
 .text.HAL_RCC_OscConfig
                0x00000000080013c0      0x4f0 ./Drivers/STM32F4xx_HAL_Driver/Src/stm32f4xx_hal_rcc.o
                0x00000000080013c0                HAL_RCC_OscConfig
 .text.HAL_RCC_ClockConfig
                0x00000000080018b0      0x1cc ./Drivers/STM32F4xx_HAL_Driver/Src/stm32f4xx_hal_rcc.o
                0x00000000080018b0                HAL_RCC_ClockConfig
 .text.HAL_RCC_GetSysClockFreq
                0x0000000008001a7c      0x20c ./Drivers/STM32F4xx_HAL_Driver/Src/stm32f4xx_hal_rcc.o
                0x0000000008001a7c                HAL_RCC_GetSysClockFreq
 .text.HAL_RCC_GetHCLKFreq
                0x0000000008001c88       0x18 ./Drivers/STM32F4xx_HAL_Driver/Src/stm32f4xx_hal_rcc.o
                0x0000000008001c88                HAL_RCC_GetHCLKFreq
 .text.HAL_RCC_GetPCLK1Freq
                0x0000000008001ca0       0x28 ./Drivers/STM32F4xx_HAL_Driver/Src/stm32f4xx_hal_rcc.o
                0x0000000008001ca0                HAL_RCC_GetPCLK1Freq
 .text.HAL_RCC_GetPCLK2Freq
                0x0000000008001cc8       0x28 ./Drivers/STM32F4xx_HAL_Driver/Src/stm32f4xx_hal_rcc.o
                0x0000000008001cc8                HAL_RCC_GetPCLK2Freq
 .text.HAL_RCC_GetClockConfig
                0x0000000008001cf0       0x64 ./Drivers/STM32F4xx_HAL_Driver/Src/stm32f4xx_hal_rcc.o
                0x0000000008001cf0                HAL_RCC_GetClockConfig
 .text.HAL_TIM_Base_Init
                0x0000000008001d54       0x9e ./Drivers/STM32F4xx_HAL_Driver/Src/stm32f4xx_hal_tim.o
                0x0000000008001d54                HAL_TIM_Base_Init
 .text.HAL_TIM_Base_MspInit
                0x0000000008001df2       0x14 ./Drivers/STM32F4xx_HAL_Driver/Src/stm32f4xx_hal_tim.o
                0x0000000008001df2                HAL_TIM_Base_MspInit
 *fill*         0x0000000008001e06        0x2 
 .text.HAL_TIM_Base_Start_IT
                0x0000000008001e08       0xe0 ./Drivers/STM32F4xx_HAL_Driver/Src/stm32f4xx_hal_tim.o
                0x0000000008001e08                HAL_TIM_Base_Start_IT
 .text.HAL_TIM_IRQHandler
                0x0000000008001ee8      0x210 ./Drivers/STM32F4xx_HAL_Driver/Src/stm32f4xx_hal_tim.o
                0x0000000008001ee8                HAL_TIM_IRQHandler
 .text.HAL_TIM_OC_DelayElapsedCallback
                0x00000000080020f8       0x14 ./Drivers/STM32F4xx_HAL_Driver/Src/stm32f4xx_hal_tim.o
                0x00000000080020f8                HAL_TIM_OC_DelayElapsedCallback
 .text.HAL_TIM_IC_CaptureCallback
                0x000000000800210c       0x14 ./Drivers/STM32F4xx_HAL_Driver/Src/stm32f4xx_hal_tim.o
                0x000000000800210c                HAL_TIM_IC_CaptureCallback
 .text.HAL_TIM_PWM_PulseFinishedCallback
                0x0000000008002120       0x14 ./Drivers/STM32F4xx_HAL_Driver/Src/stm32f4xx_hal_tim.o
                0x0000000008002120                HAL_TIM_PWM_PulseFinishedCallback
 .text.HAL_TIM_TriggerCallback
                0x0000000008002134       0x14 ./Drivers/STM32F4xx_HAL_Driver/Src/stm32f4xx_hal_tim.o
                0x0000000008002134                HAL_TIM_TriggerCallback
 .text.TIM_Base_SetConfig
                0x0000000008002148      0x140 ./Drivers/STM32F4xx_HAL_Driver/Src/stm32f4xx_hal_tim.o
                0x0000000008002148                TIM_Base_SetConfig
 .text.HAL_TIMEx_CommutCallback
                0x0000000008002288       0x14 ./Drivers/STM32F4xx_HAL_Driver/Src/stm32f4xx_hal_tim_ex.o
                0x0000000008002288                HAL_TIMEx_CommutCallback
 .text.HAL_TIMEx_BreakCallback
                0x000000000800229c       0x14 ./Drivers/STM32F4xx_HAL_Driver/Src/stm32f4xx_hal_tim_ex.o
                0x000000000800229c                HAL_TIMEx_BreakCallback
 .text.HAL_UART_Init
                0x00000000080022b0       0x9a ./Drivers/STM32F4xx_HAL_Driver/Src/stm32f4xx_hal_uart.o
                0x00000000080022b0                HAL_UART_Init
 .text.HAL_UART_Transmit
                0x000000000800234a      0x124 ./Drivers/STM32F4xx_HAL_Driver/Src/stm32f4xx_hal_uart.o
                0x000000000800234a                HAL_UART_Transmit
 .text.UART_WaitOnFlagUntilTimeout
                0x000000000800246e       0xdc ./Drivers/STM32F4xx_HAL_Driver/Src/stm32f4xx_hal_uart.o
 *fill*         0x000000000800254a        0x2 
 .text.UART_SetConfig
                0x000000000800254c      0x4e8 ./Drivers/STM32F4xx_HAL_Driver/Src/stm32f4xx_hal_uart.o
 .text.vListInitialise
                0x0000000008002a34       0x40 ./FreeRTOS/list.o
                0x0000000008002a34                vListInitialise
 .text.vListInitialiseItem
                0x0000000008002a74       0x1a ./FreeRTOS/list.o
                0x0000000008002a74                vListInitialiseItem
 .text.vListInsertEnd
                0x0000000008002a8e       0x48 ./FreeRTOS/list.o
                0x0000000008002a8e                vListInsertEnd
 .text.vListInsert
                0x0000000008002ad6       0x72 ./FreeRTOS/list.o
                0x0000000008002ad6                vListInsert
 .text.uxListRemove
                0x0000000008002b48       0x54 ./FreeRTOS/list.o
                0x0000000008002b48                uxListRemove
 .text.xTaskCreate
                0x0000000008002b9c       0xd0 ./FreeRTOS/tasks.o
                0x0000000008002b9c                xTaskCreate
 .text.prvInitialiseNewTask
                0x0000000008002c6c      0x11e ./FreeRTOS/tasks.o
 *fill*         0x0000000008002d8a        0x2 
 .text.prvAddNewTaskToReadyList
                0x0000000008002d8c       0xdc ./FreeRTOS/tasks.o
 .text.vTaskDelete
                0x0000000008002e68      0x120 ./FreeRTOS/tasks.o
                0x0000000008002e68                vTaskDelete
 .text.vTaskDelay
                0x0000000008002f88       0x68 ./FreeRTOS/tasks.o
                0x0000000008002f88                vTaskDelay
 .text.vTaskStartScheduler
                0x0000000008002ff0       0x90 ./FreeRTOS/tasks.o
                0x0000000008002ff0                vTaskStartScheduler
 .text.vTaskSuspendAll
                0x0000000008003080       0x1c ./FreeRTOS/tasks.o
                0x0000000008003080                vTaskSuspendAll
 .text.xTaskResumeAll
                0x000000000800309c      0x138 ./FreeRTOS/tasks.o
                0x000000000800309c                xTaskResumeAll
 .text.xTaskIncrementTick
                0x00000000080031d4      0x170 ./FreeRTOS/tasks.o
                0x00000000080031d4                xTaskIncrementTick
 .text.vTaskSwitchContext
                0x0000000008003344       0xb8 ./FreeRTOS/tasks.o
                0x0000000008003344                vTaskSwitchContext
 .text.prvIdleTask
                0x00000000080033fc       0x30 ./FreeRTOS/tasks.o
 .text.prvInitialiseTaskLists
                0x000000000800342c       0x80 ./FreeRTOS/tasks.o
 .text.prvCheckTasksWaitingTermination
                0x00000000080034ac       0x5c ./FreeRTOS/tasks.o
 .text.prvDeleteTCB
                0x0000000008003508       0x20 ./FreeRTOS/tasks.o
 .text.prvResetNextTaskUnblockTime
                0x0000000008003528       0x40 ./FreeRTOS/tasks.o
 .text.prvAddCurrentTaskToDelayedList
                0x0000000008003568       0xcc ./FreeRTOS/tasks.o
 .text.pxPortInitialiseStack
                0x0000000008003634       0x68 ./FreeRTOS/portable/ARM_CM4F/port.o
                0x0000000008003634                pxPortInitialiseStack
 .text.prvTaskExitError
                0x000000000800369c       0x58 ./FreeRTOS/portable/ARM_CM4F/port.o
 *fill*         0x00000000080036f4        0xc 
 .text.SVC_Handler
                0x0000000008003700       0x28 ./FreeRTOS/portable/ARM_CM4F/port.o
                0x0000000008003700                SVC_Handler
 .text.prvPortStartFirstTask
                0x0000000008003728       0x28 ./FreeRTOS/portable/ARM_CM4F/port.o
 .text.xPortStartScheduler
                0x0000000008003750      0x164 ./FreeRTOS/portable/ARM_CM4F/port.o
                0x0000000008003750                xPortStartScheduler
 .text.vPortEnterCritical
                0x00000000080038b4       0x60 ./FreeRTOS/portable/ARM_CM4F/port.o
                0x00000000080038b4                vPortEnterCritical
 .text.vPortExitCritical
                0x0000000008003914       0x54 ./FreeRTOS/portable/ARM_CM4F/port.o
                0x0000000008003914                vPortExitCritical
 *fill*         0x0000000008003968        0x8 
 .text.PendSV_Handler
                0x0000000008003970       0x68 ./FreeRTOS/portable/ARM_CM4F/port.o
                0x0000000008003970                PendSV_Handler
 .text.SysTick_Handler
                0x00000000080039d8       0x44 ./FreeRTOS/portable/ARM_CM4F/port.o
                0x00000000080039d8                SysTick_Handler
 .text.vPortSetupTimerInterrupt
                0x0000000008003a1c       0x48 ./FreeRTOS/portable/ARM_CM4F/port.o
                0x0000000008003a1c                vPortSetupTimerInterrupt
 .text.vPortEnableVFP
                0x0000000008003a64       0x14 ./FreeRTOS/portable/ARM_CM4F/port.o
 .text.pvPortMalloc
                0x0000000008003a78      0x250 ./FreeRTOS/portable/MemMang/heap_2.o
                0x0000000008003a78                pvPortMalloc
 .text.vPortFree
                0x0000000008003cc8      0x10c ./FreeRTOS/portable/MemMang/heap_2.o
                0x0000000008003cc8                vPortFree
 .text.prvHeapInit
                0x0000000008003dd4       0x54 ./FreeRTOS/portable/MemMang/heap_2.o
 .text.vPadding
                0x0000000008003e28       0x44 ./FreeRTOS/portable/MemMang/heap_2.o
                0x0000000008003e28                vPadding
 .text.vPrintFreeList
                0x0000000008003e6c      0x264 ./FreeRTOS/portable/MemMang/heap_2.o
                0x0000000008003e6c                vPrintFreeList
 .text.__itoa   0x00000000080040d0       0x30 /Applications/STM32CubeIDE.app/Contents/Eclipse/plugins/com.st.stm32cube.ide.mcu.externaltools.gnu-tools-for-stm32.11.3.rel1.macos64_1.1.1.202309131626/tools/bin/../lib/gcc/arm-none-eabi/11.3.1/../../../../arm-none-eabi/lib/thumb/v7e-m+fp/hard/libc_nano.a(libc_a-itoa.o)
                0x00000000080040d0                __itoa
 .text.itoa     0x0000000008004100        0x4 /Applications/STM32CubeIDE.app/Contents/Eclipse/plugins/com.st.stm32cube.ide.mcu.externaltools.gnu-tools-for-stm32.11.3.rel1.macos64_1.1.1.202309131626/tools/bin/../lib/gcc/arm-none-eabi/11.3.1/../../../../arm-none-eabi/lib/thumb/v7e-m+fp/hard/libc_nano.a(libc_a-itoa.o)
                0x0000000008004100                itoa
 .text.sprintf  0x0000000008004104       0x40 /Applications/STM32CubeIDE.app/Contents/Eclipse/plugins/com.st.stm32cube.ide.mcu.externaltools.gnu-tools-for-stm32.11.3.rel1.macos64_1.1.1.202309131626/tools/bin/../lib/gcc/arm-none-eabi/11.3.1/../../../../arm-none-eabi/lib/thumb/v7e-m+fp/hard/libc_nano.a(libc_a-sprintf.o)
                0x0000000008004104                sprintf
                0x0000000008004104                siprintf
 .text.__utoa   0x0000000008004144       0x84 /Applications/STM32CubeIDE.app/Contents/Eclipse/plugins/com.st.stm32cube.ide.mcu.externaltools.gnu-tools-for-stm32.11.3.rel1.macos64_1.1.1.202309131626/tools/bin/../lib/gcc/arm-none-eabi/11.3.1/../../../../arm-none-eabi/lib/thumb/v7e-m+fp/hard/libc_nano.a(libc_a-utoa.o)
                0x0000000008004144                __utoa
 .text.strcat   0x00000000080041c8       0x1e /Applications/STM32CubeIDE.app/Contents/Eclipse/plugins/com.st.stm32cube.ide.mcu.externaltools.gnu-tools-for-stm32.11.3.rel1.macos64_1.1.1.202309131626/tools/bin/../lib/gcc/arm-none-eabi/11.3.1/../../../../arm-none-eabi/lib/thumb/v7e-m+fp/hard/libc_nano.a(libc_a-strcat.o)
                0x00000000080041c8                strcat
 .text.memset   0x00000000080041e6       0x10 /Applications/STM32CubeIDE.app/Contents/Eclipse/plugins/com.st.stm32cube.ide.mcu.externaltools.gnu-tools-for-stm32.11.3.rel1.macos64_1.1.1.202309131626/tools/bin/../lib/gcc/arm-none-eabi/11.3.1/../../../../arm-none-eabi/lib/thumb/v7e-m+fp/hard/libc_nano.a(libc_a-memset.o)
                0x00000000080041e6                memset
 *fill*         0x00000000080041f6        0x2 
 .text.__errno  0x00000000080041f8        0xc /Applications/STM32CubeIDE.app/Contents/Eclipse/plugins/com.st.stm32cube.ide.mcu.externaltools.gnu-tools-for-stm32.11.3.rel1.macos64_1.1.1.202309131626/tools/bin/../lib/gcc/arm-none-eabi/11.3.1/../../../../arm-none-eabi/lib/thumb/v7e-m+fp/hard/libc_nano.a(libc_a-errno.o)
                0x00000000080041f8                __errno
 .text.__libc_init_array
                0x0000000008004204       0x48 /Applications/STM32CubeIDE.app/Contents/Eclipse/plugins/com.st.stm32cube.ide.mcu.externaltools.gnu-tools-for-stm32.11.3.rel1.macos64_1.1.1.202309131626/tools/bin/../lib/gcc/arm-none-eabi/11.3.1/../../../../arm-none-eabi/lib/thumb/v7e-m+fp/hard/libc_nano.a(libc_a-init.o)
                0x0000000008004204                __libc_init_array
 .text.__retarget_lock_acquire_recursive
                0x000000000800424c        0x2 /Applications/STM32CubeIDE.app/Contents/Eclipse/plugins/com.st.stm32cube.ide.mcu.externaltools.gnu-tools-for-stm32.11.3.rel1.macos64_1.1.1.202309131626/tools/bin/../lib/gcc/arm-none-eabi/11.3.1/../../../../arm-none-eabi/lib/thumb/v7e-m+fp/hard/libc_nano.a(libc_a-lock.o)
                0x000000000800424c                __retarget_lock_acquire_recursive
 .text.__retarget_lock_release_recursive
                0x000000000800424e        0x2 /Applications/STM32CubeIDE.app/Contents/Eclipse/plugins/com.st.stm32cube.ide.mcu.externaltools.gnu-tools-for-stm32.11.3.rel1.macos64_1.1.1.202309131626/tools/bin/../lib/gcc/arm-none-eabi/11.3.1/../../../../arm-none-eabi/lib/thumb/v7e-m+fp/hard/libc_nano.a(libc_a-lock.o)
                0x000000000800424e                __retarget_lock_release_recursive
 .text.memcpy   0x0000000008004250       0x1c /Applications/STM32CubeIDE.app/Contents/Eclipse/plugins/com.st.stm32cube.ide.mcu.externaltools.gnu-tools-for-stm32.11.3.rel1.macos64_1.1.1.202309131626/tools/bin/../lib/gcc/arm-none-eabi/11.3.1/../../../../arm-none-eabi/lib/thumb/v7e-m+fp/hard/libc_nano.a(libc_a-memcpy-stub.o)
                0x0000000008004250                memcpy
 .text.strcpy   0x000000000800426c       0x10 /Applications/STM32CubeIDE.app/Contents/Eclipse/plugins/com.st.stm32cube.ide.mcu.externaltools.gnu-tools-for-stm32.11.3.rel1.macos64_1.1.1.202309131626/tools/bin/../lib/gcc/arm-none-eabi/11.3.1/../../../../arm-none-eabi/lib/thumb/v7e-m+fp/hard/libc_nano.a(libc_a-strcpy.o)
                0x000000000800426c                strcpy
 .text.__ssputs_r
                0x000000000800427c       0xb4 /Applications/STM32CubeIDE.app/Contents/Eclipse/plugins/com.st.stm32cube.ide.mcu.externaltools.gnu-tools-for-stm32.11.3.rel1.macos64_1.1.1.202309131626/tools/bin/../lib/gcc/arm-none-eabi/11.3.1/../../../../arm-none-eabi/lib/thumb/v7e-m+fp/hard/libc_nano.a(libc_a-nano-svfprintf.o)
                0x000000000800427c                __ssputs_r
 .text._svfprintf_r
                0x0000000008004330      0x1fc /Applications/STM32CubeIDE.app/Contents/Eclipse/plugins/com.st.stm32cube.ide.mcu.externaltools.gnu-tools-for-stm32.11.3.rel1.macos64_1.1.1.202309131626/tools/bin/../lib/gcc/arm-none-eabi/11.3.1/../../../../arm-none-eabi/lib/thumb/v7e-m+fp/hard/libc_nano.a(libc_a-nano-svfprintf.o)
                0x0000000008004330                _svfprintf_r
                0x0000000008004330                _svfiprintf_r
 .text.sbrk_aligned
                0x000000000800452c       0x40 /Applications/STM32CubeIDE.app/Contents/Eclipse/plugins/com.st.stm32cube.ide.mcu.externaltools.gnu-tools-for-stm32.11.3.rel1.macos64_1.1.1.202309131626/tools/bin/../lib/gcc/arm-none-eabi/11.3.1/../../../../arm-none-eabi/lib/thumb/v7e-m+fp/hard/libc_nano.a(libc_a-mallocr.o)
 .text._malloc_r
                0x000000000800456c      0x100 /Applications/STM32CubeIDE.app/Contents/Eclipse/plugins/com.st.stm32cube.ide.mcu.externaltools.gnu-tools-for-stm32.11.3.rel1.macos64_1.1.1.202309131626/tools/bin/../lib/gcc/arm-none-eabi/11.3.1/../../../../arm-none-eabi/lib/thumb/v7e-m+fp/hard/libc_nano.a(libc_a-mallocr.o)
                0x000000000800456c                _malloc_r
 .text._printf_common
                0x000000000800466c       0xda /Applications/STM32CubeIDE.app/Contents/Eclipse/plugins/com.st.stm32cube.ide.mcu.externaltools.gnu-tools-for-stm32.11.3.rel1.macos64_1.1.1.202309131626/tools/bin/../lib/gcc/arm-none-eabi/11.3.1/../../../../arm-none-eabi/lib/thumb/v7e-m+fp/hard/libc_nano.a(libc_a-nano-vfprintf_i.o)
                0x000000000800466c                _printf_common
 *fill*         0x0000000008004746        0x2 
 .text._printf_i
                0x0000000008004748      0x244 /Applications/STM32CubeIDE.app/Contents/Eclipse/plugins/com.st.stm32cube.ide.mcu.externaltools.gnu-tools-for-stm32.11.3.rel1.macos64_1.1.1.202309131626/tools/bin/../lib/gcc/arm-none-eabi/11.3.1/../../../../arm-none-eabi/lib/thumb/v7e-m+fp/hard/libc_nano.a(libc_a-nano-vfprintf_i.o)
                0x0000000008004748                _printf_i
 .text.__malloc_lock
                0x000000000800498c        0xc /Applications/STM32CubeIDE.app/Contents/Eclipse/plugins/com.st.stm32cube.ide.mcu.externaltools.gnu-tools-for-stm32.11.3.rel1.macos64_1.1.1.202309131626/tools/bin/../lib/gcc/arm-none-eabi/11.3.1/../../../../arm-none-eabi/lib/thumb/v7e-m+fp/hard/libc_nano.a(libc_a-mlock.o)
                0x000000000800498c                __malloc_lock
 .text.__malloc_unlock
                0x0000000008004998        0xc /Applications/STM32CubeIDE.app/Contents/Eclipse/plugins/com.st.stm32cube.ide.mcu.externaltools.gnu-tools-for-stm32.11.3.rel1.macos64_1.1.1.202309131626/tools/bin/../lib/gcc/arm-none-eabi/11.3.1/../../../../arm-none-eabi/lib/thumb/v7e-m+fp/hard/libc_nano.a(libc_a-mlock.o)
                0x0000000008004998                __malloc_unlock
 .text._realloc_r
                0x00000000080049a4       0x5e /Applications/STM32CubeIDE.app/Contents/Eclipse/plugins/com.st.stm32cube.ide.mcu.externaltools.gnu-tools-for-stm32.11.3.rel1.macos64_1.1.1.202309131626/tools/bin/../lib/gcc/arm-none-eabi/11.3.1/../../../../arm-none-eabi/lib/thumb/v7e-m+fp/hard/libc_nano.a(libc_a-reallocr.o)
                0x00000000080049a4                _realloc_r
 .text.memmove  0x0000000008004a02       0x34 /Applications/STM32CubeIDE.app/Contents/Eclipse/plugins/com.st.stm32cube.ide.mcu.externaltools.gnu-tools-for-stm32.11.3.rel1.macos64_1.1.1.202309131626/tools/bin/../lib/gcc/arm-none-eabi/11.3.1/../../../../arm-none-eabi/lib/thumb/v7e-m+fp/hard/libc_nano.a(libc_a-memmove.o)
                0x0000000008004a02                memmove
 *fill*         0x0000000008004a36        0x2 
 .text._sbrk_r  0x0000000008004a38       0x20 /Applications/STM32CubeIDE.app/Contents/Eclipse/plugins/com.st.stm32cube.ide.mcu.externaltools.gnu-tools-for-stm32.11.3.rel1.macos64_1.1.1.202309131626/tools/bin/../lib/gcc/arm-none-eabi/11.3.1/../../../../arm-none-eabi/lib/thumb/v7e-m+fp/hard/libc_nano.a(libc_a-sbrkr.o)
                0x0000000008004a38                _sbrk_r
 .text._free_r  0x0000000008004a58       0x98 /Applications/STM32CubeIDE.app/Contents/Eclipse/plugins/com.st.stm32cube.ide.mcu.externaltools.gnu-tools-for-stm32.11.3.rel1.macos64_1.1.1.202309131626/tools/bin/../lib/gcc/arm-none-eabi/11.3.1/../../../../arm-none-eabi/lib/thumb/v7e-m+fp/hard/libc_nano.a(libc_a-freer.o)
                0x0000000008004a58                _free_r
 .text._malloc_usable_size_r
                0x0000000008004af0       0x10 /Applications/STM32CubeIDE.app/Contents/Eclipse/plugins/com.st.stm32cube.ide.mcu.externaltools.gnu-tools-for-stm32.11.3.rel1.macos64_1.1.1.202309131626/tools/bin/../lib/gcc/arm-none-eabi/11.3.1/../../../../arm-none-eabi/lib/thumb/v7e-m+fp/hard/libc_nano.a(libc_a-msizer.o)
                0x0000000008004af0                _malloc_usable_size_r
 *(.glue_7)
 .glue_7        0x0000000008004b00        0x0 linker stubs
 *(.glue_7t)
 .glue_7t       0x0000000008004b00        0x0 linker stubs
 *(.eh_frame)
 .eh_frame      0x0000000008004b00        0x0 /Applications/STM32CubeIDE.app/Contents/Eclipse/plugins/com.st.stm32cube.ide.mcu.externaltools.gnu-tools-for-stm32.11.3.rel1.macos64_1.1.1.202309131626/tools/bin/../lib/gcc/arm-none-eabi/11.3.1/thumb/v7e-m+fp/hard/crtbegin.o
 *(.init)
 .init          0x0000000008004b00        0x4 /Applications/STM32CubeIDE.app/Contents/Eclipse/plugins/com.st.stm32cube.ide.mcu.externaltools.gnu-tools-for-stm32.11.3.rel1.macos64_1.1.1.202309131626/tools/bin/../lib/gcc/arm-none-eabi/11.3.1/thumb/v7e-m+fp/hard/crti.o
                0x0000000008004b00                _init
 .init          0x0000000008004b04        0x8 /Applications/STM32CubeIDE.app/Contents/Eclipse/plugins/com.st.stm32cube.ide.mcu.externaltools.gnu-tools-for-stm32.11.3.rel1.macos64_1.1.1.202309131626/tools/bin/../lib/gcc/arm-none-eabi/11.3.1/thumb/v7e-m+fp/hard/crtn.o
 *(.fini)
 .fini          0x0000000008004b0c        0x4 /Applications/STM32CubeIDE.app/Contents/Eclipse/plugins/com.st.stm32cube.ide.mcu.externaltools.gnu-tools-for-stm32.11.3.rel1.macos64_1.1.1.202309131626/tools/bin/../lib/gcc/arm-none-eabi/11.3.1/thumb/v7e-m+fp/hard/crti.o
                0x0000000008004b0c                _fini
 .fini          0x0000000008004b10        0x8 /Applications/STM32CubeIDE.app/Contents/Eclipse/plugins/com.st.stm32cube.ide.mcu.externaltools.gnu-tools-for-stm32.11.3.rel1.macos64_1.1.1.202309131626/tools/bin/../lib/gcc/arm-none-eabi/11.3.1/thumb/v7e-m+fp/hard/crtn.o
                0x0000000008004b18                . = ALIGN (0x4)
                0x0000000008004b18                _etext = .

.vfp11_veneer   0x0000000008004b18        0x0
 .vfp11_veneer  0x0000000008004b18        0x0 linker stubs

.v4_bx          0x0000000008004b18        0x0
 .v4_bx         0x0000000008004b18        0x0 linker stubs

.iplt           0x0000000008004b18        0x0
 .iplt          0x0000000008004b18        0x0 /Applications/STM32CubeIDE.app/Contents/Eclipse/plugins/com.st.stm32cube.ide.mcu.externaltools.gnu-tools-for-stm32.11.3.rel1.macos64_1.1.1.202309131626/tools/bin/../lib/gcc/arm-none-eabi/11.3.1/thumb/v7e-m+fp/hard/crtbegin.o

.rodata         0x0000000008004b18      0x178
                0x0000000008004b18                . = ALIGN (0x4)
 *(.rodata)
 .rodata        0x0000000008004b18       0x32 ./Core/Src/main.o
 *fill*         0x0000000008004b4a        0x2 
 .rodata        0x0000000008004b4c        0x9 ./FreeRTOS/tasks.o
 *fill*         0x0000000008004b55        0x3 
 .rodata        0x0000000008004b58       0xc7 ./FreeRTOS/portable/MemMang/heap_2.o
 *(.rodata*)
 *fill*         0x0000000008004c1f        0x1 
 .rodata.AHBPrescTable
                0x0000000008004c20       0x10 ./Core/Src/system_stm32f4xx.o
                0x0000000008004c20                AHBPrescTable
 .rodata.APBPrescTable
                0x0000000008004c30        0x8 ./Core/Src/system_stm32f4xx.o
                0x0000000008004c30                APBPrescTable
 .rodata.__utoa.str1.1
                0x0000000008004c38       0x25 /Applications/STM32CubeIDE.app/Contents/Eclipse/plugins/com.st.stm32cube.ide.mcu.externaltools.gnu-tools-for-stm32.11.3.rel1.macos64_1.1.1.202309131626/tools/bin/../lib/gcc/arm-none-eabi/11.3.1/../../../../arm-none-eabi/lib/thumb/v7e-m+fp/hard/libc_nano.a(libc_a-utoa.o)
 .rodata._svfprintf_r.str1.1
                0x0000000008004c5d       0x11 /Applications/STM32CubeIDE.app/Contents/Eclipse/plugins/com.st.stm32cube.ide.mcu.externaltools.gnu-tools-for-stm32.11.3.rel1.macos64_1.1.1.202309131626/tools/bin/../lib/gcc/arm-none-eabi/11.3.1/../../../../arm-none-eabi/lib/thumb/v7e-m+fp/hard/libc_nano.a(libc_a-nano-svfprintf.o)
 .rodata._printf_i.str1.1
                0x0000000008004c6e       0x22 /Applications/STM32CubeIDE.app/Contents/Eclipse/plugins/com.st.stm32cube.ide.mcu.externaltools.gnu-tools-for-stm32.11.3.rel1.macos64_1.1.1.202309131626/tools/bin/../lib/gcc/arm-none-eabi/11.3.1/../../../../arm-none-eabi/lib/thumb/v7e-m+fp/hard/libc_nano.a(libc_a-nano-vfprintf_i.o)
                0x0000000008004c90                . = ALIGN (0x4)

.ARM.extab      0x0000000008004c90        0x0
                0x0000000008004c90                . = ALIGN (0x4)
 *(.ARM.extab* .gnu.linkonce.armextab.*)
                0x0000000008004c90                . = ALIGN (0x4)

.ARM            0x0000000008004c90        0x8
                0x0000000008004c90                . = ALIGN (0x4)
                0x0000000008004c90                __exidx_start = .
 *(.ARM.exidx*)
 .ARM.exidx     0x0000000008004c90        0x8 /Applications/STM32CubeIDE.app/Contents/Eclipse/plugins/com.st.stm32cube.ide.mcu.externaltools.gnu-tools-for-stm32.11.3.rel1.macos64_1.1.1.202309131626/tools/bin/../lib/gcc/arm-none-eabi/11.3.1/thumb/v7e-m+fp/hard/libgcc.a(_udivmoddi4.o)
                0x0000000008004c98                __exidx_end = .
                0x0000000008004c98                . = ALIGN (0x4)

.rel.dyn        0x0000000008004c98        0x0
 .rel.iplt      0x0000000008004c98        0x0 /Applications/STM32CubeIDE.app/Contents/Eclipse/plugins/com.st.stm32cube.ide.mcu.externaltools.gnu-tools-for-stm32.11.3.rel1.macos64_1.1.1.202309131626/tools/bin/../lib/gcc/arm-none-eabi/11.3.1/thumb/v7e-m+fp/hard/crtbegin.o

.preinit_array  0x0000000008004c98        0x0
                0x0000000008004c98                . = ALIGN (0x4)
                0x0000000008004c98                PROVIDE (__preinit_array_start = .)
 *(.preinit_array*)
                0x0000000008004c98                PROVIDE (__preinit_array_end = .)
                0x0000000008004c98                . = ALIGN (0x4)

.init_array     0x0000000008004c98        0x4
                0x0000000008004c98                . = ALIGN (0x4)
                0x0000000008004c98                PROVIDE (__init_array_start = .)
 *(SORT_BY_NAME(.init_array.*))
 *(.init_array*)
 .init_array    0x0000000008004c98        0x4 /Applications/STM32CubeIDE.app/Contents/Eclipse/plugins/com.st.stm32cube.ide.mcu.externaltools.gnu-tools-for-stm32.11.3.rel1.macos64_1.1.1.202309131626/tools/bin/../lib/gcc/arm-none-eabi/11.3.1/thumb/v7e-m+fp/hard/crtbegin.o
                0x0000000008004c9c                PROVIDE (__init_array_end = .)
                0x0000000008004c9c                . = ALIGN (0x4)

.fini_array     0x0000000008004c9c        0x4
                0x0000000008004c9c                . = ALIGN (0x4)
                [!provide]                        PROVIDE (__fini_array_start = .)
 *(SORT_BY_NAME(.fini_array.*))
 *(.fini_array*)
 .fini_array    0x0000000008004c9c        0x4 /Applications/STM32CubeIDE.app/Contents/Eclipse/plugins/com.st.stm32cube.ide.mcu.externaltools.gnu-tools-for-stm32.11.3.rel1.macos64_1.1.1.202309131626/tools/bin/../lib/gcc/arm-none-eabi/11.3.1/thumb/v7e-m+fp/hard/crtbegin.o
                [!provide]                        PROVIDE (__fini_array_end = .)
                0x0000000008004ca0                . = ALIGN (0x4)
                0x0000000008004ca0                _sidata = LOADADDR (.data)

.data           0x0000000020000000       0x64 load address 0x0000000008004ca0
                0x0000000020000000                . = ALIGN (0x4)
                0x0000000020000000                _sdata = .
 *(.data)
 *(.data*)
 .data.SystemCoreClock
                0x0000000020000000        0x4 ./Core/Src/system_stm32f4xx.o
                0x0000000020000000                SystemCoreClock
 .data.uwTickPrio
                0x0000000020000004        0x4 ./Drivers/STM32F4xx_HAL_Driver/Src/stm32f4xx_hal.o
                0x0000000020000004                uwTickPrio
 .data.uwTickFreq
                0x0000000020000008        0x1 ./Drivers/STM32F4xx_HAL_Driver/Src/stm32f4xx_hal.o
                0x0000000020000008                uwTickFreq
 *fill*         0x0000000020000009        0x3 
 .data.uxCriticalNesting
                0x000000002000000c        0x4 ./FreeRTOS/portable/ARM_CM4F/port.o
 .data.xFreeBytesRemaining
                0x0000000020000010        0x4 ./FreeRTOS/portable/MemMang/heap_2.o
 .data._impure_data
                0x0000000020000014       0x4c /Applications/STM32CubeIDE.app/Contents/Eclipse/plugins/com.st.stm32cube.ide.mcu.externaltools.gnu-tools-for-stm32.11.3.rel1.macos64_1.1.1.202309131626/tools/bin/../lib/gcc/arm-none-eabi/11.3.1/../../../../arm-none-eabi/lib/thumb/v7e-m+fp/hard/libc_nano.a(libc_a-impure.o)
                0x0000000020000014                _impure_data
 .data._impure_ptr
                0x0000000020000060        0x4 /Applications/STM32CubeIDE.app/Contents/Eclipse/plugins/com.st.stm32cube.ide.mcu.externaltools.gnu-tools-for-stm32.11.3.rel1.macos64_1.1.1.202309131626/tools/bin/../lib/gcc/arm-none-eabi/11.3.1/../../../../arm-none-eabi/lib/thumb/v7e-m+fp/hard/libc_nano.a(libc_a-impure.o)
                0x0000000020000060                _impure_ptr
 *(.RamFunc)
 *(.RamFunc*)
                0x0000000020000064                . = ALIGN (0x4)
                0x0000000020000064                _edata = .
                0x0000000008004d04                _siccmram = LOADADDR (.ccmram)

.igot.plt       0x0000000020000064        0x0 load address 0x0000000008004d04
 .igot.plt      0x0000000020000064        0x0 /Applications/STM32CubeIDE.app/Contents/Eclipse/plugins/com.st.stm32cube.ide.mcu.externaltools.gnu-tools-for-stm32.11.3.rel1.macos64_1.1.1.202309131626/tools/bin/../lib/gcc/arm-none-eabi/11.3.1/thumb/v7e-m+fp/hard/crtbegin.o

.ccmram         0x0000000010000000        0x0 load address 0x0000000008004d04
                0x0000000010000000                . = ALIGN (0x4)
                0x0000000010000000                _sccmram = .
 *(.ccmram)
 *(.ccmram*)
                0x0000000010000000                . = ALIGN (0x4)
                0x0000000010000000                _eccmram = .
                0x0000000010000000                . = ALIGN (0x4)

.bss            0x0000000020000064     0x1718
                0x0000000020000064                _sbss = .
                0x0000000020000064                __bss_start__ = _sbss
 *(.bss)
 .bss           0x0000000020000064       0x1c /Applications/STM32CubeIDE.app/Contents/Eclipse/plugins/com.st.stm32cube.ide.mcu.externaltools.gnu-tools-for-stm32.11.3.rel1.macos64_1.1.1.202309131626/tools/bin/../lib/gcc/arm-none-eabi/11.3.1/thumb/v7e-m+fp/hard/crtbegin.o
 *(.bss*)
 .bss.huart2    0x0000000020000080       0x44 ./Core/Src/main.o
                0x0000000020000080                huart2
 .bss.htim7     0x00000000200000c4       0x48 ./Core/Src/stm32f4xx_hal_timebase_tim.o
                0x00000000200000c4                htim7
 .bss.__sbrk_heap_end
                0x000000002000010c        0x4 ./Core/Src/sysmem.o
 .bss.uwTick    0x0000000020000110        0x4 ./Drivers/STM32F4xx_HAL_Driver/Src/stm32f4xx_hal.o
                0x0000000020000110                uwTick
 .bss.pxCurrentTCB
                0x0000000020000114        0x4 ./FreeRTOS/tasks.o
                0x0000000020000114                pxCurrentTCB
 .bss.pxReadyTasksLists
                0x0000000020000118       0x64 ./FreeRTOS/tasks.o
 .bss.xDelayedTaskList1
                0x000000002000017c       0x14 ./FreeRTOS/tasks.o
 .bss.xDelayedTaskList2
                0x0000000020000190       0x14 ./FreeRTOS/tasks.o
 .bss.pxDelayedTaskList
                0x00000000200001a4        0x4 ./FreeRTOS/tasks.o
 .bss.pxOverflowDelayedTaskList
                0x00000000200001a8        0x4 ./FreeRTOS/tasks.o
 .bss.xPendingReadyList
                0x00000000200001ac       0x14 ./FreeRTOS/tasks.o
 .bss.xTasksWaitingTermination
                0x00000000200001c0       0x14 ./FreeRTOS/tasks.o
 .bss.uxDeletedTasksWaitingCleanUp
                0x00000000200001d4        0x4 ./FreeRTOS/tasks.o
 .bss.xSuspendedTaskList
                0x00000000200001d8       0x14 ./FreeRTOS/tasks.o
 .bss.uxCurrentNumberOfTasks
                0x00000000200001ec        0x4 ./FreeRTOS/tasks.o
 .bss.xTickCount
                0x00000000200001f0        0x4 ./FreeRTOS/tasks.o
 .bss.uxTopReadyPriority
                0x00000000200001f4        0x4 ./FreeRTOS/tasks.o
 .bss.xSchedulerRunning
                0x00000000200001f8        0x4 ./FreeRTOS/tasks.o
 .bss.uxPendedTicks
                0x00000000200001fc        0x4 ./FreeRTOS/tasks.o
 .bss.xYieldPending
                0x0000000020000200        0x4 ./FreeRTOS/tasks.o
 .bss.xNumOfOverflows
                0x0000000020000204        0x4 ./FreeRTOS/tasks.o
 .bss.uxTaskNumber
                0x0000000020000208        0x4 ./FreeRTOS/tasks.o
 .bss.xNextTaskUnblockTime
                0x000000002000020c        0x4 ./FreeRTOS/tasks.o
 .bss.xIdleTaskHandle
                0x0000000020000210        0x4 ./FreeRTOS/tasks.o
 .bss.uxSchedulerSuspended
                0x0000000020000214        0x4 ./FreeRTOS/tasks.o
 .bss.ucMaxSysCallPriority
                0x0000000020000218        0x1 ./FreeRTOS/portable/ARM_CM4F/port.o
 *fill*         0x0000000020000219        0x3 
 .bss.ulMaxPRIGROUPValue
                0x000000002000021c        0x4 ./FreeRTOS/portable/ARM_CM4F/port.o
 .bss.ucHeap    0x0000000020000220     0x1400 ./FreeRTOS/portable/MemMang/heap_2.o
 .bss.xStart    0x0000000020001620        0x8 ./FreeRTOS/portable/MemMang/heap_2.o
 .bss.xEnd      0x0000000020001628        0x8 ./FreeRTOS/portable/MemMang/heap_2.o
 .bss.xHeapHasBeenInitialised.0
                0x0000000020001630        0x4 ./FreeRTOS/portable/MemMang/heap_2.o
 .bss.__sf      0x0000000020001634      0x138 /Applications/STM32CubeIDE.app/Contents/Eclipse/plugins/com.st.stm32cube.ide.mcu.externaltools.gnu-tools-for-stm32.11.3.rel1.macos64_1.1.1.202309131626/tools/bin/../lib/gcc/arm-none-eabi/11.3.1/../../../../arm-none-eabi/lib/thumb/v7e-m+fp/hard/libc_nano.a(libc_a-findfp.o)
                0x0000000020001634                __sf
 .bss.__lock___malloc_recursive_mutex
                0x000000002000176c        0x1 /Applications/STM32CubeIDE.app/Contents/Eclipse/plugins/com.st.stm32cube.ide.mcu.externaltools.gnu-tools-for-stm32.11.3.rel1.macos64_1.1.1.202309131626/tools/bin/../lib/gcc/arm-none-eabi/11.3.1/../../../../arm-none-eabi/lib/thumb/v7e-m+fp/hard/libc_nano.a(libc_a-lock.o)
                0x000000002000176c                __lock___malloc_recursive_mutex
 *fill*         0x000000002000176d        0x3 
 .bss.__malloc_free_list
                0x0000000020001770        0x4 /Applications/STM32CubeIDE.app/Contents/Eclipse/plugins/com.st.stm32cube.ide.mcu.externaltools.gnu-tools-for-stm32.11.3.rel1.macos64_1.1.1.202309131626/tools/bin/../lib/gcc/arm-none-eabi/11.3.1/../../../../arm-none-eabi/lib/thumb/v7e-m+fp/hard/libc_nano.a(libc_a-mallocr.o)
                0x0000000020001770                __malloc_free_list
 .bss.__malloc_sbrk_start
                0x0000000020001774        0x4 /Applications/STM32CubeIDE.app/Contents/Eclipse/plugins/com.st.stm32cube.ide.mcu.externaltools.gnu-tools-for-stm32.11.3.rel1.macos64_1.1.1.202309131626/tools/bin/../lib/gcc/arm-none-eabi/11.3.1/../../../../arm-none-eabi/lib/thumb/v7e-m+fp/hard/libc_nano.a(libc_a-mallocr.o)
                0x0000000020001774                __malloc_sbrk_start
 .bss.errno     0x0000000020001778        0x4 /Applications/STM32CubeIDE.app/Contents/Eclipse/plugins/com.st.stm32cube.ide.mcu.externaltools.gnu-tools-for-stm32.11.3.rel1.macos64_1.1.1.202309131626/tools/bin/../lib/gcc/arm-none-eabi/11.3.1/../../../../arm-none-eabi/lib/thumb/v7e-m+fp/hard/libc_nano.a(libc_a-reent.o)
                0x0000000020001778                errno
 *(COMMON)
                0x000000002000177c                . = ALIGN (0x4)
                0x000000002000177c                _ebss = .
                0x000000002000177c                __bss_end__ = _ebss

._user_heap_stack
                0x000000002000177c      0x604
                0x0000000020001780                . = ALIGN (0x8)
 *fill*         0x000000002000177c        0x4 
                [!provide]                        PROVIDE (end = .)
                0x0000000020001780                PROVIDE (_end = .)
                0x0000000020001980                . = (. + _Min_Heap_Size)
 *fill*         0x0000000020001780      0x200 
                0x0000000020001d80                . = (. + _Min_Stack_Size)
 *fill*         0x0000000020001980      0x400 
                0x0000000020001d80                . = ALIGN (0x8)

/DISCARD/
 libc.a(*)
 libm.a(*)
 libgcc.a(*)

.ARM.attributes
                0x0000000000000000       0x30
 *(.ARM.attributes)
 .ARM.attributes
                0x0000000000000000       0x1e /Applications/STM32CubeIDE.app/Contents/Eclipse/plugins/com.st.stm32cube.ide.mcu.externaltools.gnu-tools-for-stm32.11.3.rel1.macos64_1.1.1.202309131626/tools/bin/../lib/gcc/arm-none-eabi/11.3.1/thumb/v7e-m+fp/hard/crti.o
 .ARM.attributes
                0x000000000000001e       0x34 /Applications/STM32CubeIDE.app/Contents/Eclipse/plugins/com.st.stm32cube.ide.mcu.externaltools.gnu-tools-for-stm32.11.3.rel1.macos64_1.1.1.202309131626/tools/bin/../lib/gcc/arm-none-eabi/11.3.1/thumb/v7e-m+fp/hard/crtbegin.o
 .ARM.attributes
                0x0000000000000052       0x34 ./Core/Src/main.o
 .ARM.attributes
                0x0000000000000086       0x34 ./Core/Src/stm32f4xx_hal_msp.o
 .ARM.attributes
                0x00000000000000ba       0x34 ./Core/Src/stm32f4xx_hal_timebase_tim.o
 .ARM.attributes
                0x00000000000000ee       0x34 ./Core/Src/stm32f4xx_it.o
 .ARM.attributes
                0x0000000000000122       0x34 ./Core/Src/sysmem.o
 .ARM.attributes
                0x0000000000000156       0x34 ./Core/Src/system_stm32f4xx.o
 .ARM.attributes
                0x000000000000018a       0x21 ./Core/Startup/startup_stm32f407vgtx.o
 .ARM.attributes
                0x00000000000001ab       0x34 ./Drivers/STM32F4xx_HAL_Driver/Src/stm32f4xx_hal.o
 .ARM.attributes
                0x00000000000001df       0x34 ./Drivers/STM32F4xx_HAL_Driver/Src/stm32f4xx_hal_cortex.o
 .ARM.attributes
                0x0000000000000213       0x34 ./Drivers/STM32F4xx_HAL_Driver/Src/stm32f4xx_hal_gpio.o
 .ARM.attributes
                0x0000000000000247       0x34 ./Drivers/STM32F4xx_HAL_Driver/Src/stm32f4xx_hal_rcc.o
 .ARM.attributes
                0x000000000000027b       0x34 ./Drivers/STM32F4xx_HAL_Driver/Src/stm32f4xx_hal_tim.o
 .ARM.attributes
                0x00000000000002af       0x34 ./Drivers/STM32F4xx_HAL_Driver/Src/stm32f4xx_hal_tim_ex.o
 .ARM.attributes
                0x00000000000002e3       0x34 ./Drivers/STM32F4xx_HAL_Driver/Src/stm32f4xx_hal_uart.o
 .ARM.attributes
                0x0000000000000317       0x34 ./FreeRTOS/list.o
 .ARM.attributes
                0x000000000000034b       0x34 ./FreeRTOS/tasks.o
 .ARM.attributes
                0x000000000000037f       0x34 ./FreeRTOS/portable/ARM_CM4F/port.o
 .ARM.attributes
                0x00000000000003b3       0x34 ./FreeRTOS/portable/MemMang/heap_2.o
 .ARM.attributes
                0x00000000000003e7       0x34 /Applications/STM32CubeIDE.app/Contents/Eclipse/plugins/com.st.stm32cube.ide.mcu.externaltools.gnu-tools-for-stm32.11.3.rel1.macos64_1.1.1.202309131626/tools/bin/../lib/gcc/arm-none-eabi/11.3.1/../../../../arm-none-eabi/lib/thumb/v7e-m+fp/hard/libc_nano.a(libc_a-itoa.o)
 .ARM.attributes
                0x000000000000041b       0x34 /Applications/STM32CubeIDE.app/Contents/Eclipse/plugins/com.st.stm32cube.ide.mcu.externaltools.gnu-tools-for-stm32.11.3.rel1.macos64_1.1.1.202309131626/tools/bin/../lib/gcc/arm-none-eabi/11.3.1/../../../../arm-none-eabi/lib/thumb/v7e-m+fp/hard/libc_nano.a(libc_a-sprintf.o)
 .ARM.attributes
                0x000000000000044f       0x34 /Applications/STM32CubeIDE.app/Contents/Eclipse/plugins/com.st.stm32cube.ide.mcu.externaltools.gnu-tools-for-stm32.11.3.rel1.macos64_1.1.1.202309131626/tools/bin/../lib/gcc/arm-none-eabi/11.3.1/../../../../arm-none-eabi/lib/thumb/v7e-m+fp/hard/libc_nano.a(libc_a-findfp.o)
 .ARM.attributes
                0x0000000000000483       0x34 /Applications/STM32CubeIDE.app/Contents/Eclipse/plugins/com.st.stm32cube.ide.mcu.externaltools.gnu-tools-for-stm32.11.3.rel1.macos64_1.1.1.202309131626/tools/bin/../lib/gcc/arm-none-eabi/11.3.1/../../../../arm-none-eabi/lib/thumb/v7e-m+fp/hard/libc_nano.a(libc_a-utoa.o)
 .ARM.attributes
                0x00000000000004b7       0x34 /Applications/STM32CubeIDE.app/Contents/Eclipse/plugins/com.st.stm32cube.ide.mcu.externaltools.gnu-tools-for-stm32.11.3.rel1.macos64_1.1.1.202309131626/tools/bin/../lib/gcc/arm-none-eabi/11.3.1/../../../../arm-none-eabi/lib/thumb/v7e-m+fp/hard/libc_nano.a(libc_a-strcat.o)
 .ARM.attributes
                0x00000000000004eb       0x34 /Applications/STM32CubeIDE.app/Contents/Eclipse/plugins/com.st.stm32cube.ide.mcu.externaltools.gnu-tools-for-stm32.11.3.rel1.macos64_1.1.1.202309131626/tools/bin/../lib/gcc/arm-none-eabi/11.3.1/../../../../arm-none-eabi/lib/thumb/v7e-m+fp/hard/libc_nano.a(libc_a-memset.o)
 .ARM.attributes
                0x000000000000051f       0x34 /Applications/STM32CubeIDE.app/Contents/Eclipse/plugins/com.st.stm32cube.ide.mcu.externaltools.gnu-tools-for-stm32.11.3.rel1.macos64_1.1.1.202309131626/tools/bin/../lib/gcc/arm-none-eabi/11.3.1/../../../../arm-none-eabi/lib/thumb/v7e-m+fp/hard/libc_nano.a(libc_a-impure.o)
 .ARM.attributes
                0x0000000000000553       0x34 /Applications/STM32CubeIDE.app/Contents/Eclipse/plugins/com.st.stm32cube.ide.mcu.externaltools.gnu-tools-for-stm32.11.3.rel1.macos64_1.1.1.202309131626/tools/bin/../lib/gcc/arm-none-eabi/11.3.1/../../../../arm-none-eabi/lib/thumb/v7e-m+fp/hard/libc_nano.a(libc_a-errno.o)
 .ARM.attributes
                0x0000000000000587       0x34 /Applications/STM32CubeIDE.app/Contents/Eclipse/plugins/com.st.stm32cube.ide.mcu.externaltools.gnu-tools-for-stm32.11.3.rel1.macos64_1.1.1.202309131626/tools/bin/../lib/gcc/arm-none-eabi/11.3.1/../../../../arm-none-eabi/lib/thumb/v7e-m+fp/hard/libc_nano.a(libc_a-init.o)
 .ARM.attributes
                0x00000000000005bb       0x34 /Applications/STM32CubeIDE.app/Contents/Eclipse/plugins/com.st.stm32cube.ide.mcu.externaltools.gnu-tools-for-stm32.11.3.rel1.macos64_1.1.1.202309131626/tools/bin/../lib/gcc/arm-none-eabi/11.3.1/../../../../arm-none-eabi/lib/thumb/v7e-m+fp/hard/libc_nano.a(libc_a-lock.o)
 .ARM.attributes
                0x00000000000005ef       0x34 /Applications/STM32CubeIDE.app/Contents/Eclipse/plugins/com.st.stm32cube.ide.mcu.externaltools.gnu-tools-for-stm32.11.3.rel1.macos64_1.1.1.202309131626/tools/bin/../lib/gcc/arm-none-eabi/11.3.1/../../../../arm-none-eabi/lib/thumb/v7e-m+fp/hard/libc_nano.a(libc_a-memcpy-stub.o)
 .ARM.attributes
                0x0000000000000623       0x17 /Applications/STM32CubeIDE.app/Contents/Eclipse/plugins/com.st.stm32cube.ide.mcu.externaltools.gnu-tools-for-stm32.11.3.rel1.macos64_1.1.1.202309131626/tools/bin/../lib/gcc/arm-none-eabi/11.3.1/../../../../arm-none-eabi/lib/thumb/v7e-m+fp/hard/libc_nano.a(libc_a-strlen.o)
 .ARM.attributes
                0x000000000000063a       0x34 /Applications/STM32CubeIDE.app/Contents/Eclipse/plugins/com.st.stm32cube.ide.mcu.externaltools.gnu-tools-for-stm32.11.3.rel1.macos64_1.1.1.202309131626/tools/bin/../lib/gcc/arm-none-eabi/11.3.1/../../../../arm-none-eabi/lib/thumb/v7e-m+fp/hard/libc_nano.a(libc_a-strcpy.o)
 .ARM.attributes
                0x000000000000066e       0x34 /Applications/STM32CubeIDE.app/Contents/Eclipse/plugins/com.st.stm32cube.ide.mcu.externaltools.gnu-tools-for-stm32.11.3.rel1.macos64_1.1.1.202309131626/tools/bin/../lib/gcc/arm-none-eabi/11.3.1/../../../../arm-none-eabi/lib/thumb/v7e-m+fp/hard/libc_nano.a(libc_a-nano-svfprintf.o)
 .ARM.attributes
                0x00000000000006a2       0x34 /Applications/STM32CubeIDE.app/Contents/Eclipse/plugins/com.st.stm32cube.ide.mcu.externaltools.gnu-tools-for-stm32.11.3.rel1.macos64_1.1.1.202309131626/tools/bin/../lib/gcc/arm-none-eabi/11.3.1/../../../../arm-none-eabi/lib/thumb/v7e-m+fp/hard/libc_nano.a(libc_a-mallocr.o)
 .ARM.attributes
                0x00000000000006d6       0x34 /Applications/STM32CubeIDE.app/Contents/Eclipse/plugins/com.st.stm32cube.ide.mcu.externaltools.gnu-tools-for-stm32.11.3.rel1.macos64_1.1.1.202309131626/tools/bin/../lib/gcc/arm-none-eabi/11.3.1/../../../../arm-none-eabi/lib/thumb/v7e-m+fp/hard/libc_nano.a(libc_a-nano-vfprintf_i.o)
 .ARM.attributes
                0x000000000000070a       0x34 /Applications/STM32CubeIDE.app/Contents/Eclipse/plugins/com.st.stm32cube.ide.mcu.externaltools.gnu-tools-for-stm32.11.3.rel1.macos64_1.1.1.202309131626/tools/bin/../lib/gcc/arm-none-eabi/11.3.1/../../../../arm-none-eabi/lib/thumb/v7e-m+fp/hard/libc_nano.a(libc_a-mlock.o)
 .ARM.attributes
                0x000000000000073e       0x34 /Applications/STM32CubeIDE.app/Contents/Eclipse/plugins/com.st.stm32cube.ide.mcu.externaltools.gnu-tools-for-stm32.11.3.rel1.macos64_1.1.1.202309131626/tools/bin/../lib/gcc/arm-none-eabi/11.3.1/../../../../arm-none-eabi/lib/thumb/v7e-m+fp/hard/libc_nano.a(libc_a-reallocr.o)
 .ARM.attributes
                0x0000000000000772       0x34 /Applications/STM32CubeIDE.app/Contents/Eclipse/plugins/com.st.stm32cube.ide.mcu.externaltools.gnu-tools-for-stm32.11.3.rel1.macos64_1.1.1.202309131626/tools/bin/../lib/gcc/arm-none-eabi/11.3.1/../../../../arm-none-eabi/lib/thumb/v7e-m+fp/hard/libc_nano.a(libc_a-memmove.o)
 .ARM.attributes
                0x00000000000007a6       0x34 /Applications/STM32CubeIDE.app/Contents/Eclipse/plugins/com.st.stm32cube.ide.mcu.externaltools.gnu-tools-for-stm32.11.3.rel1.macos64_1.1.1.202309131626/tools/bin/../lib/gcc/arm-none-eabi/11.3.1/../../../../arm-none-eabi/lib/thumb/v7e-m+fp/hard/libc_nano.a(libc_a-reent.o)
 .ARM.attributes
                0x00000000000007da       0x34 /Applications/STM32CubeIDE.app/Contents/Eclipse/plugins/com.st.stm32cube.ide.mcu.externaltools.gnu-tools-for-stm32.11.3.rel1.macos64_1.1.1.202309131626/tools/bin/../lib/gcc/arm-none-eabi/11.3.1/../../../../arm-none-eabi/lib/thumb/v7e-m+fp/hard/libc_nano.a(libc_a-sbrkr.o)
 .ARM.attributes
                0x000000000000080e       0x1c /Applications/STM32CubeIDE.app/Contents/Eclipse/plugins/com.st.stm32cube.ide.mcu.externaltools.gnu-tools-for-stm32.11.3.rel1.macos64_1.1.1.202309131626/tools/bin/../lib/gcc/arm-none-eabi/11.3.1/../../../../arm-none-eabi/lib/thumb/v7e-m+fp/hard/libc_nano.a(libc_a-memchr.o)
 .ARM.attributes
                0x000000000000082a       0x34 /Applications/STM32CubeIDE.app/Contents/Eclipse/plugins/com.st.stm32cube.ide.mcu.externaltools.gnu-tools-for-stm32.11.3.rel1.macos64_1.1.1.202309131626/tools/bin/../lib/gcc/arm-none-eabi/11.3.1/../../../../arm-none-eabi/lib/thumb/v7e-m+fp/hard/libc_nano.a(libc_a-freer.o)
 .ARM.attributes
                0x000000000000085e       0x34 /Applications/STM32CubeIDE.app/Contents/Eclipse/plugins/com.st.stm32cube.ide.mcu.externaltools.gnu-tools-for-stm32.11.3.rel1.macos64_1.1.1.202309131626/tools/bin/../lib/gcc/arm-none-eabi/11.3.1/../../../../arm-none-eabi/lib/thumb/v7e-m+fp/hard/libc_nano.a(libc_a-msizer.o)
 .ARM.attributes
                0x0000000000000892       0x1e /Applications/STM32CubeIDE.app/Contents/Eclipse/plugins/com.st.stm32cube.ide.mcu.externaltools.gnu-tools-for-stm32.11.3.rel1.macos64_1.1.1.202309131626/tools/bin/../lib/gcc/arm-none-eabi/11.3.1/thumb/v7e-m+fp/hard/libgcc.a(_aeabi_uldivmod.o)
 .ARM.attributes
                0x00000000000008b0       0x34 /Applications/STM32CubeIDE.app/Contents/Eclipse/plugins/com.st.stm32cube.ide.mcu.externaltools.gnu-tools-for-stm32.11.3.rel1.macos64_1.1.1.202309131626/tools/bin/../lib/gcc/arm-none-eabi/11.3.1/thumb/v7e-m+fp/hard/libgcc.a(_udivmoddi4.o)
 .ARM.attributes
                0x00000000000008e4       0x1e /Applications/STM32CubeIDE.app/Contents/Eclipse/plugins/com.st.stm32cube.ide.mcu.externaltools.gnu-tools-for-stm32.11.3.rel1.macos64_1.1.1.202309131626/tools/bin/../lib/gcc/arm-none-eabi/11.3.1/thumb/v7e-m+fp/hard/libgcc.a(_dvmd_tls.o)
 .ARM.attributes
                0x0000000000000902       0x1e /Applications/STM32CubeIDE.app/Contents/Eclipse/plugins/com.st.stm32cube.ide.mcu.externaltools.gnu-tools-for-stm32.11.3.rel1.macos64_1.1.1.202309131626/tools/bin/../lib/gcc/arm-none-eabi/11.3.1/thumb/v7e-m+fp/hard/crtn.o
OUTPUT(lab4.elf elf32-littlearm)
LOAD linker stubs
LOAD /Applications/STM32CubeIDE.app/Contents/Eclipse/plugins/com.st.stm32cube.ide.mcu.externaltools.gnu-tools-for-stm32.11.3.rel1.macos64_1.1.1.202309131626/tools/bin/../lib/gcc/arm-none-eabi/11.3.1/../../../../arm-none-eabi/lib/thumb/v7e-m+fp/hard/libc.a
LOAD /Applications/STM32CubeIDE.app/Contents/Eclipse/plugins/com.st.stm32cube.ide.mcu.externaltools.gnu-tools-for-stm32.11.3.rel1.macos64_1.1.1.202309131626/tools/bin/../lib/gcc/arm-none-eabi/11.3.1/../../../../arm-none-eabi/lib/thumb/v7e-m+fp/hard/libm.a
LOAD /Applications/STM32CubeIDE.app/Contents/Eclipse/plugins/com.st.stm32cube.ide.mcu.externaltools.gnu-tools-for-stm32.11.3.rel1.macos64_1.1.1.202309131626/tools/bin/../lib/gcc/arm-none-eabi/11.3.1/thumb/v7e-m+fp/hard/libgcc.a

.comment        0x0000000000000000       0x43
 .comment       0x0000000000000000       0x43 /Applications/STM32CubeIDE.app/Contents/Eclipse/plugins/com.st.stm32cube.ide.mcu.externaltools.gnu-tools-for-stm32.11.3.rel1.macos64_1.1.1.202309131626/tools/bin/../lib/gcc/arm-none-eabi/11.3.1/thumb/v7e-m+fp/hard/crtbegin.o
                                         0x44 (size before relaxing)
 .comment       0x0000000000000043       0x44 ./Core/Src/main.o
 .comment       0x0000000000000043       0x44 ./Core/Src/stm32f4xx_hal_msp.o
 .comment       0x0000000000000043       0x44 ./Core/Src/stm32f4xx_hal_timebase_tim.o
 .comment       0x0000000000000043       0x44 ./Core/Src/stm32f4xx_it.o
 .comment       0x0000000000000043       0x44 ./Core/Src/sysmem.o
 .comment       0x0000000000000043       0x44 ./Core/Src/system_stm32f4xx.o
 .comment       0x0000000000000043       0x44 ./Drivers/STM32F4xx_HAL_Driver/Src/stm32f4xx_hal.o
 .comment       0x0000000000000043       0x44 ./Drivers/STM32F4xx_HAL_Driver/Src/stm32f4xx_hal_cortex.o
 .comment       0x0000000000000043       0x44 ./Drivers/STM32F4xx_HAL_Driver/Src/stm32f4xx_hal_gpio.o
 .comment       0x0000000000000043       0x44 ./Drivers/STM32F4xx_HAL_Driver/Src/stm32f4xx_hal_rcc.o
 .comment       0x0000000000000043       0x44 ./Drivers/STM32F4xx_HAL_Driver/Src/stm32f4xx_hal_tim.o
 .comment       0x0000000000000043       0x44 ./Drivers/STM32F4xx_HAL_Driver/Src/stm32f4xx_hal_tim_ex.o
 .comment       0x0000000000000043       0x44 ./Drivers/STM32F4xx_HAL_Driver/Src/stm32f4xx_hal_uart.o
 .comment       0x0000000000000043       0x44 ./FreeRTOS/list.o
 .comment       0x0000000000000043       0x44 ./FreeRTOS/tasks.o
 .comment       0x0000000000000043       0x44 ./FreeRTOS/portable/ARM_CM4F/port.o
 .comment       0x0000000000000043       0x44 ./FreeRTOS/portable/MemMang/heap_2.o

.debug_info     0x0000000000000000     0xfc6b
 .debug_info    0x0000000000000000     0x111f ./Core/Src/main.o
 .debug_info    0x000000000000111f      0x8cb ./Core/Src/stm32f4xx_hal_msp.o
 .debug_info    0x00000000000019ea      0xbee ./Core/Src/stm32f4xx_hal_timebase_tim.o
 .debug_info    0x00000000000025d8      0x6ab ./Core/Src/stm32f4xx_it.o
 .debug_info    0x0000000000002c83      0x168 ./Core/Src/sysmem.o
 .debug_info    0x0000000000002deb      0x512 ./Core/Src/system_stm32f4xx.o
 .debug_info    0x00000000000032fd       0x23 ./Core/Startup/startup_stm32f407vgtx.o
 .debug_info    0x0000000000003320      0x948 ./Drivers/STM32F4xx_HAL_Driver/Src/stm32f4xx_hal.o
 .debug_info    0x0000000000003c68      0xd46 ./Drivers/STM32F4xx_HAL_Driver/Src/stm32f4xx_hal_cortex.o
 .debug_info    0x00000000000049ae      0x6c3 ./Drivers/STM32F4xx_HAL_Driver/Src/stm32f4xx_hal_gpio.o
 .debug_info    0x0000000000005071      0x8b1 ./Drivers/STM32F4xx_HAL_Driver/Src/stm32f4xx_hal_rcc.o
 .debug_info    0x0000000000005922     0x2948 ./Drivers/STM32F4xx_HAL_Driver/Src/stm32f4xx_hal_tim.o
 .debug_info    0x000000000000826a     0x14ae ./Drivers/STM32F4xx_HAL_Driver/Src/stm32f4xx_hal_tim_ex.o
 .debug_info    0x0000000000009718     0x2fb8 ./Drivers/STM32F4xx_HAL_Driver/Src/stm32f4xx_hal_uart.o
 .debug_info    0x000000000000c6d0      0x2af ./FreeRTOS/list.o
 .debug_info    0x000000000000c97f     0x230d ./FreeRTOS/tasks.o
 .debug_info    0x000000000000ec8c      0x4fb ./FreeRTOS/portable/ARM_CM4F/port.o
 .debug_info    0x000000000000f187      0xae4 ./FreeRTOS/portable/MemMang/heap_2.o

.debug_abbrev   0x0000000000000000     0x257b
 .debug_abbrev  0x0000000000000000      0x2ee ./Core/Src/main.o
 .debug_abbrev  0x00000000000002ee      0x1ad ./Core/Src/stm32f4xx_hal_msp.o
 .debug_abbrev  0x000000000000049b      0x1f4 ./Core/Src/stm32f4xx_hal_timebase_tim.o
 .debug_abbrev  0x000000000000068f      0x17d ./Core/Src/stm32f4xx_it.o
 .debug_abbrev  0x000000000000080c       0xbc ./Core/Src/sysmem.o
 .debug_abbrev  0x00000000000008c8      0x11a ./Core/Src/system_stm32f4xx.o
 .debug_abbrev  0x00000000000009e2       0x12 ./Core/Startup/startup_stm32f407vgtx.o
 .debug_abbrev  0x00000000000009f4      0x213 ./Drivers/STM32F4xx_HAL_Driver/Src/stm32f4xx_hal.o
 .debug_abbrev  0x0000000000000c07      0x327 ./Drivers/STM32F4xx_HAL_Driver/Src/stm32f4xx_hal_cortex.o
 .debug_abbrev  0x0000000000000f2e      0x1d4 ./Drivers/STM32F4xx_HAL_Driver/Src/stm32f4xx_hal_gpio.o
 .debug_abbrev  0x0000000000001102      0x2b6 ./Drivers/STM32F4xx_HAL_Driver/Src/stm32f4xx_hal_rcc.o
 .debug_abbrev  0x00000000000013b8      0x271 ./Drivers/STM32F4xx_HAL_Driver/Src/stm32f4xx_hal_tim.o
 .debug_abbrev  0x0000000000001629      0x27c ./Drivers/STM32F4xx_HAL_Driver/Src/stm32f4xx_hal_tim_ex.o
 .debug_abbrev  0x00000000000018a5      0x30e ./Drivers/STM32F4xx_HAL_Driver/Src/stm32f4xx_hal_uart.o
 .debug_abbrev  0x0000000000001bb3       0xf5 ./FreeRTOS/list.o
 .debug_abbrev  0x0000000000001ca8      0x3ad ./FreeRTOS/tasks.o
 .debug_abbrev  0x0000000000002055      0x25c ./FreeRTOS/portable/ARM_CM4F/port.o
 .debug_abbrev  0x00000000000022b1      0x2ca ./FreeRTOS/portable/MemMang/heap_2.o

.debug_aranges  0x0000000000000000      0xea0
 .debug_aranges
                0x0000000000000000       0x78 ./Core/Src/main.o
 .debug_aranges
                0x0000000000000078       0x30 ./Core/Src/stm32f4xx_hal_msp.o
 .debug_aranges
                0x00000000000000a8       0x30 ./Core/Src/stm32f4xx_hal_timebase_tim.o
 .debug_aranges
                0x00000000000000d8       0x50 ./Core/Src/stm32f4xx_it.o
 .debug_aranges
                0x0000000000000128       0x20 ./Core/Src/sysmem.o
 .debug_aranges
                0x0000000000000148       0x28 ./Core/Src/system_stm32f4xx.o
 .debug_aranges
                0x0000000000000170       0x28 ./Core/Startup/startup_stm32f407vgtx.o
 .debug_aranges
                0x0000000000000198       0xf0 ./Drivers/STM32F4xx_HAL_Driver/Src/stm32f4xx_hal.o
 .debug_aranges
                0x0000000000000288      0x118 ./Drivers/STM32F4xx_HAL_Driver/Src/stm32f4xx_hal_cortex.o
 .debug_aranges
                0x00000000000003a0       0x58 ./Drivers/STM32F4xx_HAL_Driver/Src/stm32f4xx_hal_gpio.o
 .debug_aranges
                0x00000000000003f8       0x88 ./Drivers/STM32F4xx_HAL_Driver/Src/stm32f4xx_hal_rcc.o
 .debug_aranges
                0x0000000000000480      0x3d0 ./Drivers/STM32F4xx_HAL_Driver/Src/stm32f4xx_hal_tim.o
 .debug_aranges
                0x0000000000000850      0x168 ./Drivers/STM32F4xx_HAL_Driver/Src/stm32f4xx_hal_tim_ex.o
 .debug_aranges
                0x00000000000009b8      0x200 ./Drivers/STM32F4xx_HAL_Driver/Src/stm32f4xx_hal_uart.o
 .debug_aranges
                0x0000000000000bb8       0x40 ./FreeRTOS/list.o
 .debug_aranges
                0x0000000000000bf8      0x1d8 ./FreeRTOS/tasks.o
 .debug_aranges
                0x0000000000000dd0       0x80 ./FreeRTOS/portable/ARM_CM4F/port.o
 .debug_aranges
                0x0000000000000e50       0x50 ./FreeRTOS/portable/MemMang/heap_2.o

.debug_rnglists
                0x0000000000000000      0xb6a
 .debug_rnglists
                0x0000000000000000       0x58 ./Core/Src/main.o
 .debug_rnglists
                0x0000000000000058       0x20 ./Core/Src/stm32f4xx_hal_msp.o
 .debug_rnglists
                0x0000000000000078       0x20 ./Core/Src/stm32f4xx_hal_timebase_tim.o
 .debug_rnglists
                0x0000000000000098       0x37 ./Core/Src/stm32f4xx_it.o
 .debug_rnglists
                0x00000000000000cf       0x13 ./Core/Src/sysmem.o
 .debug_rnglists
                0x00000000000000e2       0x1a ./Core/Src/system_stm32f4xx.o
 .debug_rnglists
                0x00000000000000fc       0x19 ./Core/Startup/startup_stm32f407vgtx.o
 .debug_rnglists
                0x0000000000000115       0xaf ./Drivers/STM32F4xx_HAL_Driver/Src/stm32f4xx_hal.o
 .debug_rnglists
                0x00000000000001c4       0xce ./Drivers/STM32F4xx_HAL_Driver/Src/stm32f4xx_hal_cortex.o
 .debug_rnglists
                0x0000000000000292       0x3f ./Drivers/STM32F4xx_HAL_Driver/Src/stm32f4xx_hal_gpio.o
 .debug_rnglists
                0x00000000000002d1       0x66 ./Drivers/STM32F4xx_HAL_Driver/Src/stm32f4xx_hal_rcc.o
 .debug_rnglists
                0x0000000000000337      0x31a ./Drivers/STM32F4xx_HAL_Driver/Src/stm32f4xx_hal_tim.o
 .debug_rnglists
                0x0000000000000651      0x125 ./Drivers/STM32F4xx_HAL_Driver/Src/stm32f4xx_hal_tim_ex.o
 .debug_rnglists
                0x0000000000000776      0x1b7 ./Drivers/STM32F4xx_HAL_Driver/Src/stm32f4xx_hal_uart.o
 .debug_rnglists
                0x000000000000092d       0x2b ./FreeRTOS/list.o
 .debug_rnglists
                0x0000000000000958      0x17b ./FreeRTOS/tasks.o
 .debug_rnglists
                0x0000000000000ad3       0x5d ./FreeRTOS/portable/ARM_CM4F/port.o
 .debug_rnglists
                0x0000000000000b30       0x3a ./FreeRTOS/portable/MemMang/heap_2.o

.debug_macro    0x0000000000000000    0x21e18
 .debug_macro   0x0000000000000000      0x245 ./Core/Src/main.o
 .debug_macro   0x0000000000000245      0xaa8 ./Core/Src/main.o
 .debug_macro   0x0000000000000ced      0x29b ./Core/Src/main.o
 .debug_macro   0x0000000000000f88       0x2e ./Core/Src/main.o
 .debug_macro   0x0000000000000fb6       0x2f ./Core/Src/main.o
 .debug_macro   0x0000000000000fe5       0x22 ./Core/Src/main.o
 .debug_macro   0x0000000000001007       0x8e ./Core/Src/main.o
 .debug_macro   0x0000000000001095       0x51 ./Core/Src/main.o
 .debug_macro   0x00000000000010e6      0x103 ./Core/Src/main.o
 .debug_macro   0x00000000000011e9       0x6a ./Core/Src/main.o
 .debug_macro   0x0000000000001253      0x1df ./Core/Src/main.o
 .debug_macro   0x0000000000001432       0x1c ./Core/Src/main.o
 .debug_macro   0x000000000000144e       0x22 ./Core/Src/main.o
 .debug_macro   0x0000000000001470       0xd9 ./Core/Src/main.o
 .debug_macro   0x0000000000001549     0x102d ./Core/Src/main.o
 .debug_macro   0x0000000000002576      0x11f ./Core/Src/main.o
 .debug_macro   0x0000000000002695    0x15e82 ./Core/Src/main.o
 .debug_macro   0x0000000000018517       0x6d ./Core/Src/main.o
 .debug_macro   0x0000000000018584     0x367e ./Core/Src/main.o
 .debug_macro   0x000000000001bc02      0x174 ./Core/Src/main.o
 .debug_macro   0x000000000001bd76       0x5c ./Core/Src/main.o
 .debug_macro   0x000000000001bdd2      0x96b ./Core/Src/main.o
 .debug_macro   0x000000000001c73d      0x9fe ./Core/Src/main.o
 .debug_macro   0x000000000001d13b      0x115 ./Core/Src/main.o
 .debug_macro   0x000000000001d250      0x13e ./Core/Src/main.o
 .debug_macro   0x000000000001d38e       0xa5 ./Core/Src/main.o
 .debug_macro   0x000000000001d433      0x174 ./Core/Src/main.o
 .debug_macro   0x000000000001d5a7      0x287 ./Core/Src/main.o
 .debug_macro   0x000000000001d82e       0x5f ./Core/Src/main.o
 .debug_macro   0x000000000001d88d      0x236 ./Core/Src/main.o
 .debug_macro   0x000000000001dac3      0x12c ./Core/Src/main.o
 .debug_macro   0x000000000001dbef      0x21e ./Core/Src/main.o
 .debug_macro   0x000000000001de0d       0x2e ./Core/Src/main.o
 .debug_macro   0x000000000001de3b      0x11a ./Core/Src/main.o
 .debug_macro   0x000000000001df55       0x7e ./Core/Src/main.o
 .debug_macro   0x000000000001dfd3       0x89 ./Core/Src/main.o
 .debug_macro   0x000000000001e05c      0x8e6 ./Core/Src/main.o
 .debug_macro   0x000000000001e942       0x47 ./Core/Src/main.o
 .debug_macro   0x000000000001e989      0x295 ./Core/Src/main.o
 .debug_macro   0x000000000001ec1e      0x12d ./Core/Src/main.o
 .debug_macro   0x000000000001ed4b      0x190 ./Core/Src/main.o
 .debug_macro   0x000000000001eedb      0x106 ./Core/Src/main.o
 .debug_macro   0x000000000001efe1      0x15a ./Core/Src/main.o
 .debug_macro   0x000000000001f13b       0xe4 ./Core/Src/main.o
 .debug_macro   0x000000000001f21f       0x1c ./Core/Src/main.o
 .debug_macro   0x000000000001f23b       0x26 ./Core/Src/main.o
 .debug_macro   0x000000000001f261      0x4d3 ./Core/Src/main.o
 .debug_macro   0x000000000001f734       0xb5 ./Core/Src/main.o
 .debug_macro   0x000000000001f7e9       0xaa ./Core/Src/main.o
 .debug_macro   0x000000000001f893      0x1dd ./Core/Src/stm32f4xx_hal_msp.o
 .debug_macro   0x000000000001fa70      0x1ce ./Core/Src/stm32f4xx_hal_timebase_tim.o
 .debug_macro   0x000000000001fc3e      0x1e7 ./Core/Src/stm32f4xx_it.o
 .debug_macro   0x000000000001fe25       0xff ./Core/Src/sysmem.o
 .debug_macro   0x000000000001ff24      0x23c ./Core/Src/sysmem.o
 .debug_macro   0x0000000000020160      0x1ce ./Core/Src/system_stm32f4xx.o
 .debug_macro   0x000000000002032e      0x22e ./Drivers/STM32F4xx_HAL_Driver/Src/stm32f4xx_hal.o
 .debug_macro   0x000000000002055c      0x1ce ./Drivers/STM32F4xx_HAL_Driver/Src/stm32f4xx_hal_cortex.o
 .debug_macro   0x000000000002072a      0x1d4 ./Drivers/STM32F4xx_HAL_Driver/Src/stm32f4xx_hal_gpio.o
 .debug_macro   0x00000000000208fe      0x1f2 ./Drivers/STM32F4xx_HAL_Driver/Src/stm32f4xx_hal_rcc.o
 .debug_macro   0x0000000000020af0      0x1cf ./Drivers/STM32F4xx_HAL_Driver/Src/stm32f4xx_hal_tim.o
 .debug_macro   0x0000000000020cbf      0x1ce ./Drivers/STM32F4xx_HAL_Driver/Src/stm32f4xx_hal_tim_ex.o
 .debug_macro   0x0000000000020e8d      0x1cf ./Drivers/STM32F4xx_HAL_Driver/Src/stm32f4xx_hal_uart.o
 .debug_macro   0x000000000002105c      0x187 ./FreeRTOS/list.o
 .debug_macro   0x00000000000211e3      0x3df ./FreeRTOS/tasks.o
 .debug_macro   0x00000000000215c2       0x10 ./FreeRTOS/tasks.o
 .debug_macro   0x00000000000215d2      0x2fc ./FreeRTOS/portable/ARM_CM4F/port.o
 .debug_macro   0x00000000000218ce      0x38a ./FreeRTOS/portable/MemMang/heap_2.o
 .debug_macro   0x0000000000021c58       0x16 ./FreeRTOS/portable/MemMang/heap_2.o
 .debug_macro   0x0000000000021c6e       0x97 ./FreeRTOS/portable/MemMang/heap_2.o
 .debug_macro   0x0000000000021d05       0xfd ./FreeRTOS/portable/MemMang/heap_2.o
 .debug_macro   0x0000000000021e02       0x16 ./FreeRTOS/portable/MemMang/heap_2.o

.debug_line     0x0000000000000000    0x11332
 .debug_line    0x0000000000000000      0xa75 ./Core/Src/main.o
 .debug_line    0x0000000000000a75      0x729 ./Core/Src/stm32f4xx_hal_msp.o
 .debug_line    0x000000000000119e      0x757 ./Core/Src/stm32f4xx_hal_timebase_tim.o
 .debug_line    0x00000000000018f5      0x778 ./Core/Src/stm32f4xx_it.o
 .debug_line    0x000000000000206d      0x512 ./Core/Src/sysmem.o
 .debug_line    0x000000000000257f      0x75d ./Core/Src/system_stm32f4xx.o
 .debug_line    0x0000000000002cdc       0x7a ./Core/Startup/startup_stm32f407vgtx.o
 .debug_line    0x0000000000002d56      0x9c3 ./Drivers/STM32F4xx_HAL_Driver/Src/stm32f4xx_hal.o
 .debug_line    0x0000000000003719      0xc72 ./Drivers/STM32F4xx_HAL_Driver/Src/stm32f4xx_hal_cortex.o
 .debug_line    0x000000000000438b      0xb37 ./Drivers/STM32F4xx_HAL_Driver/Src/stm32f4xx_hal_gpio.o
 .debug_line    0x0000000000004ec2      0xd3c ./Drivers/STM32F4xx_HAL_Driver/Src/stm32f4xx_hal_rcc.o
 .debug_line    0x0000000000005bfe     0x36af ./Drivers/STM32F4xx_HAL_Driver/Src/stm32f4xx_hal_tim.o
 .debug_line    0x00000000000092ad     0x19c0 ./Drivers/STM32F4xx_HAL_Driver/Src/stm32f4xx_hal_tim_ex.o
 .debug_line    0x000000000000ac6d     0x2a65 ./Drivers/STM32F4xx_HAL_Driver/Src/stm32f4xx_hal_uart.o
 .debug_line    0x000000000000d6d2      0x722 ./FreeRTOS/list.o
 .debug_line    0x000000000000ddf4     0x1e0a ./FreeRTOS/tasks.o
 .debug_line    0x000000000000fbfe      0xb2a ./FreeRTOS/portable/ARM_CM4F/port.o
 .debug_line    0x0000000000010728      0xc0a ./FreeRTOS/portable/MemMang/heap_2.o

.debug_str      0x0000000000000000    0xd1a1f
 .debug_str     0x0000000000000000    0xc840b ./Core/Src/main.o
                                      0xc8786 (size before relaxing)
 .debug_str     0x00000000000c840b       0x66 ./Core/Src/stm32f4xx_hal_msp.o
                                      0xc43dd (size before relaxing)
 .debug_str     0x00000000000c8471      0x60a ./Core/Src/stm32f4xx_hal_timebase_tim.o
                                      0xc43ea (size before relaxing)
 .debug_str     0x00000000000c8a7b       0xb5 ./Core/Src/stm32f4xx_it.o
                                      0xc4393 (size before relaxing)
 .debug_str     0x00000000000c8b30     0x1eb9 ./Core/Src/sysmem.o
                                       0x6060 (size before relaxing)
 .debug_str     0x00000000000ca9e9       0xdb ./Core/Src/system_stm32f4xx.o
                                      0xc38f3 (size before relaxing)
 .debug_str     0x00000000000caac4       0x34 ./Core/Startup/startup_stm32f407vgtx.o
                                         0x72 (size before relaxing)
 .debug_str     0x00000000000caaf8      0x5d3 ./Drivers/STM32F4xx_HAL_Driver/Src/stm32f4xx_hal.o
                                      0xc4477 (size before relaxing)
 .debug_str     0x00000000000cb0cb      0x33a ./Drivers/STM32F4xx_HAL_Driver/Src/stm32f4xx_hal_cortex.o
                                      0xc41aa (size before relaxing)
 .debug_str     0x00000000000cb405      0x10e ./Drivers/STM32F4xx_HAL_Driver/Src/stm32f4xx_hal_gpio.o
                                      0xc3a6e (size before relaxing)
 .debug_str     0x00000000000cb513      0x1fd ./Drivers/STM32F4xx_HAL_Driver/Src/stm32f4xx_hal_rcc.o
                                      0xc3d27 (size before relaxing)
 .debug_str     0x00000000000cb710      0xe69 ./Drivers/STM32F4xx_HAL_Driver/Src/stm32f4xx_hal_tim.o
                                      0xc4c6d (size before relaxing)
 .debug_str     0x00000000000cc579      0x503 ./Drivers/STM32F4xx_HAL_Driver/Src/stm32f4xx_hal_tim_ex.o
                                      0xc4489 (size before relaxing)
 .debug_str     0x00000000000cca7c      0x61c ./Drivers/STM32F4xx_HAL_Driver/Src/stm32f4xx_hal_uart.o
                                      0xc42c6 (size before relaxing)
 .debug_str     0x00000000000cd098     0x177f ./FreeRTOS/list.o
                                       0xaa7d (size before relaxing)
 .debug_str     0x00000000000ce817     0x1cd5 ./FreeRTOS/tasks.o
                                      0xcca35 (size before relaxing)
 .debug_str     0x00000000000d04ec      0x760 ./FreeRTOS/portable/ARM_CM4F/port.o
                                      0xc7dd4 (size before relaxing)
 .debug_str     0x00000000000d0c4c      0xdd3 ./FreeRTOS/portable/MemMang/heap_2.o
                                      0xcba51 (size before relaxing)

.debug_frame    0x0000000000000000     0x4294
 .debug_frame   0x0000000000000000      0x194 ./Core/Src/main.o
 .debug_frame   0x0000000000000194       0x80 ./Core/Src/stm32f4xx_hal_msp.o
 .debug_frame   0x0000000000000214       0x74 ./Core/Src/stm32f4xx_hal_timebase_tim.o
 .debug_frame   0x0000000000000288       0xc4 ./Core/Src/stm32f4xx_it.o
 .debug_frame   0x000000000000034c       0x34 ./Core/Src/sysmem.o
 .debug_frame   0x0000000000000380       0x58 ./Core/Src/system_stm32f4xx.o
 .debug_frame   0x00000000000003d8      0x374 ./Drivers/STM32F4xx_HAL_Driver/Src/stm32f4xx_hal.o
 .debug_frame   0x000000000000074c      0x498 ./Drivers/STM32F4xx_HAL_Driver/Src/stm32f4xx_hal_cortex.o
 .debug_frame   0x0000000000000be4      0x14c ./Drivers/STM32F4xx_HAL_Driver/Src/stm32f4xx_hal_gpio.o
 .debug_frame   0x0000000000000d30      0x1f4 ./Drivers/STM32F4xx_HAL_Driver/Src/stm32f4xx_hal_rcc.o
 .debug_frame   0x0000000000000f24     0x11c4 ./Drivers/STM32F4xx_HAL_Driver/Src/stm32f4xx_hal_tim.o
 .debug_frame   0x00000000000020e8      0x638 ./Drivers/STM32F4xx_HAL_Driver/Src/stm32f4xx_hal_tim_ex.o
 .debug_frame   0x0000000000002720      0x92c ./Drivers/STM32F4xx_HAL_Driver/Src/stm32f4xx_hal_uart.o
 .debug_frame   0x000000000000304c       0xd8 ./FreeRTOS/list.o
 .debug_frame   0x0000000000003124      0x80c ./FreeRTOS/tasks.o
 .debug_frame   0x0000000000003930      0x1a8 ./FreeRTOS/portable/ARM_CM4F/port.o
 .debug_frame   0x0000000000003ad8      0x110 ./FreeRTOS/portable/MemMang/heap_2.o
 .debug_frame   0x0000000000003be8       0x38 /Applications/STM32CubeIDE.app/Contents/Eclipse/plugins/com.st.stm32cube.ide.mcu.externaltools.gnu-tools-for-stm32.11.3.rel1.macos64_1.1.1.202309131626/tools/bin/../lib/gcc/arm-none-eabi/11.3.1/../../../../arm-none-eabi/lib/thumb/v7e-m+fp/hard/libc_nano.a(libc_a-itoa.o)
 .debug_frame   0x0000000000003c20       0x6c /Applications/STM32CubeIDE.app/Contents/Eclipse/plugins/com.st.stm32cube.ide.mcu.externaltools.gnu-tools-for-stm32.11.3.rel1.macos64_1.1.1.202309131626/tools/bin/../lib/gcc/arm-none-eabi/11.3.1/../../../../arm-none-eabi/lib/thumb/v7e-m+fp/hard/libc_nano.a(libc_a-sprintf.o)
 .debug_frame   0x0000000000003c8c      0x144 /Applications/STM32CubeIDE.app/Contents/Eclipse/plugins/com.st.stm32cube.ide.mcu.externaltools.gnu-tools-for-stm32.11.3.rel1.macos64_1.1.1.202309131626/tools/bin/../lib/gcc/arm-none-eabi/11.3.1/../../../../arm-none-eabi/lib/thumb/v7e-m+fp/hard/libc_nano.a(libc_a-findfp.o)
 .debug_frame   0x0000000000003dd0       0x48 /Applications/STM32CubeIDE.app/Contents/Eclipse/plugins/com.st.stm32cube.ide.mcu.externaltools.gnu-tools-for-stm32.11.3.rel1.macos64_1.1.1.202309131626/tools/bin/../lib/gcc/arm-none-eabi/11.3.1/../../../../arm-none-eabi/lib/thumb/v7e-m+fp/hard/libc_nano.a(libc_a-utoa.o)
 .debug_frame   0x0000000000003e18       0x28 /Applications/STM32CubeIDE.app/Contents/Eclipse/plugins/com.st.stm32cube.ide.mcu.externaltools.gnu-tools-for-stm32.11.3.rel1.macos64_1.1.1.202309131626/tools/bin/../lib/gcc/arm-none-eabi/11.3.1/../../../../arm-none-eabi/lib/thumb/v7e-m+fp/hard/libc_nano.a(libc_a-strcat.o)
 .debug_frame   0x0000000000003e40       0x20 /Applications/STM32CubeIDE.app/Contents/Eclipse/plugins/com.st.stm32cube.ide.mcu.externaltools.gnu-tools-for-stm32.11.3.rel1.macos64_1.1.1.202309131626/tools/bin/../lib/gcc/arm-none-eabi/11.3.1/../../../../arm-none-eabi/lib/thumb/v7e-m+fp/hard/libc_nano.a(libc_a-memset.o)
 .debug_frame   0x0000000000003e60       0x20 /Applications/STM32CubeIDE.app/Contents/Eclipse/plugins/com.st.stm32cube.ide.mcu.externaltools.gnu-tools-for-stm32.11.3.rel1.macos64_1.1.1.202309131626/tools/bin/../lib/gcc/arm-none-eabi/11.3.1/../../../../arm-none-eabi/lib/thumb/v7e-m+fp/hard/libc_nano.a(libc_a-errno.o)
 .debug_frame   0x0000000000003e80       0x2c /Applications/STM32CubeIDE.app/Contents/Eclipse/plugins/com.st.stm32cube.ide.mcu.externaltools.gnu-tools-for-stm32.11.3.rel1.macos64_1.1.1.202309131626/tools/bin/../lib/gcc/arm-none-eabi/11.3.1/../../../../arm-none-eabi/lib/thumb/v7e-m+fp/hard/libc_nano.a(libc_a-init.o)
 .debug_frame   0x0000000000003eac       0xb0 /Applications/STM32CubeIDE.app/Contents/Eclipse/plugins/com.st.stm32cube.ide.mcu.externaltools.gnu-tools-for-stm32.11.3.rel1.macos64_1.1.1.202309131626/tools/bin/../lib/gcc/arm-none-eabi/11.3.1/../../../../arm-none-eabi/lib/thumb/v7e-m+fp/hard/libc_nano.a(libc_a-lock.o)
 .debug_frame   0x0000000000003f5c       0x28 /Applications/STM32CubeIDE.app/Contents/Eclipse/plugins/com.st.stm32cube.ide.mcu.externaltools.gnu-tools-for-stm32.11.3.rel1.macos64_1.1.1.202309131626/tools/bin/../lib/gcc/arm-none-eabi/11.3.1/../../../../arm-none-eabi/lib/thumb/v7e-m+fp/hard/libc_nano.a(libc_a-memcpy-stub.o)
 .debug_frame   0x0000000000003f84       0x20 /Applications/STM32CubeIDE.app/Contents/Eclipse/plugins/com.st.stm32cube.ide.mcu.externaltools.gnu-tools-for-stm32.11.3.rel1.macos64_1.1.1.202309131626/tools/bin/../lib/gcc/arm-none-eabi/11.3.1/../../../../arm-none-eabi/lib/thumb/v7e-m+fp/hard/libc_nano.a(libc_a-strcpy.o)
 .debug_frame   0x0000000000003fa4       0x90 /Applications/STM32CubeIDE.app/Contents/Eclipse/plugins/com.st.stm32cube.ide.mcu.externaltools.gnu-tools-for-stm32.11.3.rel1.macos64_1.1.1.202309131626/tools/bin/../lib/gcc/arm-none-eabi/11.3.1/../../../../arm-none-eabi/lib/thumb/v7e-m+fp/hard/libc_nano.a(libc_a-nano-svfprintf.o)
 .debug_frame   0x0000000000004034       0x50 /Applications/STM32CubeIDE.app/Contents/Eclipse/plugins/com.st.stm32cube.ide.mcu.externaltools.gnu-tools-for-stm32.11.3.rel1.macos64_1.1.1.202309131626/tools/bin/../lib/gcc/arm-none-eabi/11.3.1/../../../../arm-none-eabi/lib/thumb/v7e-m+fp/hard/libc_nano.a(libc_a-mallocr.o)
 .debug_frame   0x0000000000004084       0x60 /Applications/STM32CubeIDE.app/Contents/Eclipse/plugins/com.st.stm32cube.ide.mcu.externaltools.gnu-tools-for-stm32.11.3.rel1.macos64_1.1.1.202309131626/tools/bin/../lib/gcc/arm-none-eabi/11.3.1/../../../../arm-none-eabi/lib/thumb/v7e-m+fp/hard/libc_nano.a(libc_a-nano-vfprintf_i.o)
 .debug_frame   0x00000000000040e4       0x30 /Applications/STM32CubeIDE.app/Contents/Eclipse/plugins/com.st.stm32cube.ide.mcu.externaltools.gnu-tools-for-stm32.11.3.rel1.macos64_1.1.1.202309131626/tools/bin/../lib/gcc/arm-none-eabi/11.3.1/../../../../arm-none-eabi/lib/thumb/v7e-m+fp/hard/libc_nano.a(libc_a-mlock.o)
 .debug_frame   0x0000000000004114       0x3c /Applications/STM32CubeIDE.app/Contents/Eclipse/plugins/com.st.stm32cube.ide.mcu.externaltools.gnu-tools-for-stm32.11.3.rel1.macos64_1.1.1.202309131626/tools/bin/../lib/gcc/arm-none-eabi/11.3.1/../../../../arm-none-eabi/lib/thumb/v7e-m+fp/hard/libc_nano.a(libc_a-reallocr.o)
 .debug_frame   0x0000000000004150       0x28 /Applications/STM32CubeIDE.app/Contents/Eclipse/plugins/com.st.stm32cube.ide.mcu.externaltools.gnu-tools-for-stm32.11.3.rel1.macos64_1.1.1.202309131626/tools/bin/../lib/gcc/arm-none-eabi/11.3.1/../../../../arm-none-eabi/lib/thumb/v7e-m+fp/hard/libc_nano.a(libc_a-memmove.o)
 .debug_frame   0x0000000000004178       0x38 /Applications/STM32CubeIDE.app/Contents/Eclipse/plugins/com.st.stm32cube.ide.mcu.externaltools.gnu-tools-for-stm32.11.3.rel1.macos64_1.1.1.202309131626/tools/bin/../lib/gcc/arm-none-eabi/11.3.1/../../../../arm-none-eabi/lib/thumb/v7e-m+fp/hard/libc_nano.a(libc_a-reent.o)